Component: ARM Compiler 5.06 update 5 (build 528) Tool: armlink [4d35e2]

==============================================================================

Section Cross References

    main.o(i.AS608_task) refers to as608.o(i.press_FR) for press_FR
    main.o(i.AS608_task) refers to delay.o(i.delay_xms) for delay_xms
    main.o(i.AS608_task) refers to lcd.o(i.Chinese_Show_two) for Chinese_Show_two
    main.o(i.AS608_task) refers to event_groups.o(i.xEventGroupSetBits) for xEventGroupSetBits
    main.o(i.AS608_task) refers to __2printf.o(.text) for __2printf
    main.o(i.AS608_task) refers to tasks.o(i.vTaskSuspend) for vTaskSuspend
    main.o(i.AS608_task) refers to lcd.o(i.LCD_ShowString) for LCD_ShowString
    main.o(i.AS608_task) refers to tasks.o(i.vTaskDelay) for vTaskDelay
    main.o(i.AS608_task) refers to main.o(.data) for .data
    main.o(i.ESP8266_task) refers to strstr.o(.text) for strstr
    main.o(i.ESP8266_task) refers to delay.o(i.delay_xms) for delay_xms
    main.o(i.ESP8266_task) refers to __2printf.o(.text) for __2printf
    main.o(i.ESP8266_task) refers to event_groups.o(i.xEventGroupSetBits) for xEventGroupSetBits
    main.o(i.ESP8266_task) refers to rt_memclr.o(.text) for __aeabi_memclr
    main.o(i.ESP8266_task) refers to tasks.o(i.vTaskDelay) for vTaskDelay
    main.o(i.ESP8266_task) refers to main.o(.data) for .data
    main.o(i.ESP8266_task) refers to usart3.o(.data) for USART3_RX_STA
    main.o(i.ESP8266_task) refers to usart3.o(.bss) for USART3_RX_BUF
    main.o(i.LCD_task) refers to lcd.o(i.GET_NUM) for GET_NUM
    main.o(i.LCD_task) refers to delay.o(i.delay_xms) for delay_xms
    main.o(i.LCD_task) refers to __2printf.o(.text) for __2printf
    main.o(i.LCD_task) refers to lcd.o(i.LCD_ShowString) for LCD_ShowString
    main.o(i.LCD_task) refers to event_groups.o(i.xEventGroupSetBits) for xEventGroupSetBits
    main.o(i.LCD_task) refers to tasks.o(i.vTaskSuspend) for vTaskSuspend
    main.o(i.LCD_task) refers to tasks.o(i.vTaskDelay) for vTaskDelay
    main.o(i.LCD_task) refers to main.o(.data) for .data
    main.o(i.RFID_task) refers to rc52.o(i.shibieka) for shibieka
    main.o(i.RFID_task) refers to delay.o(i.delay_xms) for delay_xms
    main.o(i.RFID_task) refers to lcd.o(i.Chinese_Show_two) for Chinese_Show_two
    main.o(i.RFID_task) refers to event_groups.o(i.xEventGroupSetBits) for xEventGroupSetBits
    main.o(i.RFID_task) refers to __2printf.o(.text) for __2printf
    main.o(i.RFID_task) refers to tasks.o(i.vTaskSuspend) for vTaskSuspend
    main.o(i.RFID_task) refers to lcd.o(i.LCD_ShowString) for LCD_ShowString
    main.o(i.RFID_task) refers to tasks.o(i.vTaskDelay) for vTaskDelay
    main.o(i.RFID_task) refers to main.o(.data) for .data
    main.o(i.SG90_task) refers to event_groups.o(i.xEventGroupWaitBits) for xEventGroupWaitBits
    main.o(i.SG90_task) refers to __2printf.o(.text) for __2printf
    main.o(i.SG90_task) refers to pwm.o(i.set_Angle) for set_Angle
    main.o(i.SG90_task) refers to delay.o(i.delay_xms) for delay_xms
    main.o(i.SG90_task) refers to lcd.o(i.LCD_ShowString) for LCD_ShowString
    main.o(i.SG90_task) refers to tasks.o(i.vTaskDelay) for vTaskDelay
    main.o(i.SG90_task) refers to main.o(.data) for .data
    main.o(i.main) refers to misc.o(i.NVIC_PriorityGroupConfig) for NVIC_PriorityGroupConfig
    main.o(i.main) refers to delay.o(i.delay_init) for delay_init
    main.o(i.main) refers to usart.o(i.uart_init) for uart_init
    main.o(i.main) refers to usart3.o(i.usart3_init) for usart3_init
    main.o(i.main) refers to led.o(i.LED_Init) for LED_Init
    main.o(i.main) refers to key.o(i.KEY_Init) for KEY_Init
    main.o(i.main) refers to pwm.o(i.TIM14_PWM_Init) for TIM14_PWM_Init
    main.o(i.main) refers to pwm.o(i.set_Angle) for set_Angle
    main.o(i.main) refers to lcd.o(i.LCD_Init) for LCD_Init
    main.o(i.main) refers to rc52.o(i.RC522_Init) for RC522_Init
    main.o(i.main) refers to usart2.o(i.usart2_init) for usart2_init
    main.o(i.main) refers to as608.o(i.PS_StaGPIO_Init) for PS_StaGPIO_Init
    main.o(i.main) refers to as608.o(i.AS608_Init) for AS608_Init
    main.o(i.main) refers to beep.o(i.BEEP_Init) for BEEP_Init
    main.o(i.main) refers to esp8266.o(i.esp8266_start_trans) for esp8266_start_trans
    main.o(i.main) refers to lcd.o(i.LCD_ShowString) for LCD_ShowString
    main.o(i.main) refers to key.o(i.KEY_Scan) for KEY_Scan
    main.o(i.main) refers to lcd.o(i.LCD_Clear) for LCD_Clear
    main.o(i.main) refers to touch.o(i.TP_Adjust) for TP_Adjust
    main.o(i.main) refers to touch.o(i.TP_Save_Adjdata) for TP_Save_Adjdata
    main.o(i.main) refers to lcd.o(i.AS608_load_keyboard) for AS608_load_keyboard
    main.o(i.main) refers to lcd.o(i.Chinese_Show_one) for Chinese_Show_one
    main.o(i.main) refers to tasks.o(i.xTaskCreate) for xTaskCreate
    main.o(i.main) refers to tasks.o(i.vTaskStartScheduler) for vTaskStartScheduler
    main.o(i.main) refers to touch.o(.data) for tp_dev
[...]
    BEEP_Init                                0x08002151   Thumb Code    60  beep.o(i.BEEP_Init)
    BusFault_Handler                         0x08002191   Thumb Code     2  stm32f4xx_it.o(i.BusFault_Handler)
    CT_IIC_Ack                               0x08002195   Thumb Code    64  ctiic.o(i.CT_IIC_Ack)
    CT_IIC_Init                              0x080021e1   Thumb Code    54  ctiic.o(i.CT_IIC_Init)
    CT_IIC_NAck                              0x08002221   Thumb Code    64  ctiic.o(i.CT_IIC_NAck)
    CT_IIC_Read_Byte                         0x0800226d   Thumb Code   100  ctiic.o(i.CT_IIC_Read_Byte)
    CT_IIC_Send_Byte                         0x080022dd   Thumb Code    90  ctiic.o(i.CT_IIC_Send_Byte)
    CT_IIC_Start                             0x08002345   Thumb Code    62  ctiic.o(i.CT_IIC_Start)
    CT_IIC_Stop                              0x08002391   Thumb Code    56  ctiic.o(i.CT_IIC_Stop)
    CT_IIC_Wait_Ack                          0x080023d5   Thumb Code    70  ctiic.o(i.CT_IIC_Wait_Ack)
    CalulateCRC                              0x08002429   Thumb Code   102  rc52.o(i.CalulateCRC)
    Chinese_Show_one                         0x08002491   Thumb Code   132  lcd.o(i.Chinese_Show_one)
    Chinese_Show_two                         0x0800251d   Thumb Code   132  lcd.o(i.Chinese_Show_two)
    ClearBitMask                             0x080025a9   Thumb Code    24  rc52.o(i.ClearBitMask)
    DebugMon_Handler                         0x080025c1   Thumb Code     2  stm32f4xx_it.o(i.DebugMon_Handler)
    ESP8266_task                             0x080025c5   Thumb Code   102  main.o(i.ESP8266_task)
    EnsureMessage                            0x08002659   Thumb Code   130  as608.o(i.EnsureMessage)
    FSMC_NORSRAMCmd                          0x0800289d   Thumb Code    26  stm32f4xx_fsmc.o(i.FSMC_NORSRAMCmd)
    FSMC_NORSRAMInit                         0x080028bd   Thumb Code   200  stm32f4xx_fsmc.o(i.FSMC_NORSRAMInit)
    FT5206_Init                              0x08002985   Thumb Code   188  ft5206.o(i.FT5206_Init)
    FT5206_RD_Reg                            0x08002a59   Thumb Code    86  ft5206.o(i.FT5206_RD_Reg)
    FT5206_Scan                              0x08002ab1   Thumb Code   294  ft5206.o(i.FT5206_Scan)
    FT5206_WR_Reg                            0x08002be5   Thumb Code    72  ft5206.o(i.FT5206_WR_Reg)
    GET_NUM                                  0x08002c2d   Thumb Code   314  lcd.o(i.GET_NUM)
    GPIO_Init                                0x08002d99   Thumb Code   120  stm32f4xx_gpio.o(i.GPIO_Init)
    GPIO_PinAFConfig                         0x08002e11   Thumb Code    32  stm32f4xx_gpio.o(i.GPIO_PinAFConfig)
    GPIO_ReadInputDataBit                    0x08002e31   Thumb Code    14  stm32f4xx_gpio.o(i.GPIO_ReadInputDataBit)
    GPIO_ResetBits                           0x08002e3f   Thumb Code     4  stm32f4xx_gpio.o(i.GPIO_ResetBits)
    GPIO_SetBits                             0x08002e43   Thumb Code     4  stm32f4xx_gpio.o(i.GPIO_SetBits)
    GT9147_Init                              0x08002e49   Thumb Code   232  gt9147.o(i.GT9147_Init)
    GT9147_RD_Reg                            0x08002f65   Thumb Code    96  gt9147.o(i.GT9147_RD_Reg)
    GT9147_Scan                              0x08002fc5   Thumb Code   362  gt9147.o(i.GT9147_Scan)
    GT9147_Send_Cfg                          0x08003141   Thumb Code    72  gt9147.o(i.GT9147_Send_Cfg)
    GT9147_WR_Reg                            0x0800318d   Thumb Code    82  gt9147.o(i.GT9147_WR_Reg)
    HardFault_Handler                        0x080031df   Thumb Code     2  stm32f4xx_it.o(i.HardFault_Handler)
    IIC_Ack                                  0x080031e1   Thumb Code    56  myiic.o(i.IIC_Ack)
    IIC_Init                                 0x08003221   Thumb Code    58  myiic.o(i.IIC_Init)
    IIC_NAck                                 0x08003265   Thumb Code    56  myiic.o(i.IIC_NAck)
    IIC_Read_Byte                            0x080032a5   Thumb Code    96  myiic.o(i.IIC_Read_Byte)
    IIC_Send_Byte                            0x0800330d   Thumb Code    86  myiic.o(i.IIC_Send_Byte)
    IIC_Start                                0x0800336d   Thumb Code    56  myiic.o(i.IIC_Start)
    IIC_Stop                                 0x080033ad   Thumb Code    58  myiic.o(i.IIC_Stop)
    IIC_Wait_Ack                             0x080033f1   Thumb Code    74  myiic.o(i.IIC_Wait_Ack)
    KEY_Init                                 0x080034b5   Thumb Code    58  key.o(i.KEY_Init)
    KEY_Scan                                 0x080034f9   Thumb Code   190  key.o(i.KEY_Scan)
    LCD_Clear                                0x080035c5   Thumb Code    44  lcd.o(i.LCD_Clear)
    LCD_Display_Dir                          0x080035f5   Thumb Code   180  lcd.o(i.LCD_Display_Dir)
    LCD_DrawLine                             0x080036ad   Thumb Code   150  lcd.o(i.LCD_DrawLine)
    LCD_DrawPoint                            0x08003745   Thumb Code    24  lcd.o(i.LCD_DrawPoint)
    LCD_DrawRectangle                        0x08003761   Thumb Code    56  lcd.o(i.LCD_DrawRectangle)
    LCD_Draw_Circle                          0x08003799   Thumb Code   176  lcd.o(i.LCD_Draw_Circle)
    LCD_Fast_DrawPoint                       0x08003849   Thumb Code   202  lcd.o(i.LCD_Fast_DrawPoint)
    LCD_Fill                                 0x08003919   Thumb Code    68  lcd.o(i.LCD_Fill)
    LCD_Init                                 0x0800395d   Thumb Code 10026  lcd.o(i.LCD_Init)
    LCD_Pow                                  0x0800608d   Thumb Code    16  lcd.o(i.LCD_Pow)
    LCD_RD_DATA                              0x0800609d   Thumb Code    20  lcd.o(i.LCD_RD_DATA)
    LCD_SSD_BackLightSet                     0x080060b1   Thumb Code    72  lcd.o(i.LCD_SSD_BackLightSet)
    LCD_Scan_Dir                             0x08006101   Thumb Code   410  lcd.o(i.LCD_Scan_Dir)
    LCD_SetCursor                            0x080062a1   Thumb Code   236  lcd.o(i.LCD_SetCursor)
    LCD_ShowChar                             0x08006391   Thumb Code   184  lcd.o(i.LCD_ShowChar)
    LCD_ShowNum                              0x0800645d   Thumb Code   118  lcd.o(i.LCD_ShowNum)
    LCD_ShowString                           0x080064d3   Thumb Code    84  lcd.o(i.LCD_ShowString)
    LCD_WR_DATA                              0x08006527   Thumb Code    24  lcd.o(i.LCD_WR_DATA)
    LCD_WR_REG                               0x0800653f   Thumb Code    24  lcd.o(i.LCD_WR_REG)
    LCD_WriteRAM_Prepare                     0x08006559   Thumb Code    14  lcd.o(i.LCD_WriteRAM_Prepare)
    LCD_WriteReg                             0x0800656d   Thumb Code    12  lcd.o(i.LCD_WriteReg)
    LCD_task                                 0x08006579   Thumb Code   210  main.o(i.LCD_task)
    LED_Init                                 0x080066bd   Thumb Code    58  led.o(i.LED_Init)
    M500PcdConfigISOType                     0x080066fd   Thumb Code    86  rc52.o(i.M500PcdConfigISOType)
    MemManage_Handler                        0x08006769   Thumb Code     2  stm32f4xx_it.o(i.MemManage_Handler)
    NMI_Handler                              0x0800676b   Thumb Code     2  stm32f4xx_it.o(i.NMI_Handler)
    NVIC_Init                                0x0800676d   Thumb Code    96  misc.o(i.NVIC_Init)
    NVIC_PriorityGroupConfig                 0x080067d1   Thumb Code    10  misc.o(i.NVIC_PriorityGroupConfig)
    OTT2001A_Init                            0x080067e5   Thumb Code   136  ott2001a.o(i.OTT2001A_Init)
    OTT2001A_RD_Reg                          0x08006885   Thumb Code    96  ott2001a.o(i.OTT2001A_RD_Reg)
    OTT2001A_Scan                            0x080068e5   Thumb Code   336  ott2001a.o(i.OTT2001A_Scan)
    OTT2001A_SensorControl                   0x08006a59   Thumb Code    30  ott2001a.o(i.OTT2001A_SensorControl)
    OTT2001A_WR_Reg                          0x08006a77   Thumb Code    82  ott2001a.o(i.OTT2001A_WR_Reg)
    PS_GenChar                               0x08006ac9   Thumb Code    60  as608.o(i.PS_GenChar)
    PS_GetImage                              0x08006b05   Thumb Code    52  as608.o(i.PS_GetImage)
    PS_HandShake                             0x08006b39   Thumb Code   100  as608.o(i.PS_HandShake)
    PS_HighSpeedSearch                       0x08006ba5   Thumb Code   132  as608.o(i.PS_HighSpeedSearch)
    PS_ReadSysPara                           0x08006c29   Thumb Code   154  as608.o(i.PS_ReadSysPara)
    PS_StaGPIO_Init                          0x08006d11   Thumb Code    42  as608.o(i.PS_StaGPIO_Init)
    PS_ValidTempleteNum                      0x08006d41   Thumb Code    94  as608.o(i.PS_ValidTempleteNum)
    PcdAntennaOn                             0x08006db9   Thumb Code    26  rc52.o(i.PcdAntennaOn)
    PcdAnticoll                              0x08006dd3   Thumb Code   106  rc52.o(i.PcdAnticoll)
    PcdComMF522                              0x08006e3d   Thumb Code   280  rc52.o(i.PcdComMF522)
    PcdRequest                               0x08006f55   Thumb Code    80  rc52.o(i.PcdRequest)
    PcdReset                                 0x08006fa5   Thumb Code   122  rc52.o(i.PcdReset)
    PcdSelect                                0x08007025   Thumb Code   100  rc52.o(i.PcdSelect)
    RC522_Init                               0x08007089   Thumb Code    38  rc52.o(i.RC522_Init)
    RCC_AHB1PeriphClockCmd                   0x080070b5   Thumb Code    18  stm32f4xx_rcc.o(i.RCC_AHB1PeriphClockCmd)
    RCC_AHB3PeriphClockCmd                   0x080070cd   Thumb Code    18  stm32f4xx_rcc.o(i.RCC_AHB3PeriphClockCmd)
    RCC_APB1PeriphClockCmd                   0x080070e5   Thumb Code    18  stm32f4xx_rcc.o(i.RCC_APB1PeriphClockCmd)
    RCC_APB1PeriphResetCmd                   0x080070fd   Thumb Code    18  stm32f4xx_rcc.o(i.RCC_APB1PeriphResetCmd)
    RCC_APB2PeriphClockCmd                   0x08007115   Thumb Code    18  stm32f4xx_rcc.o(i.RCC_APB2PeriphClockCmd)
    RCC_APB2PeriphResetCmd                   0x0800712d   Thumb Code    18  stm32f4xx_rcc.o(i.RCC_APB2PeriphResetCmd)
    RCC_GetClocksFreq                        0x08007145   Thumb Code   132  stm32f4xx_rcc.o(i.RCC_GetClocksFreq)
    RFID_task                                0x080071d5   Thumb Code   272  main.o(i.RFID_task)
    ReadRawRC                                0x08007335   Thumb Code    46  rc52.o(i.ReadRawRC)
    SG90_task                                0x08007369   Thumb Code   106  main.o(i.SG90_task)
    SPI1_Init                                0x08007401   Thumb Code    72  rc52.o(i.SPI1_Init)
    SPI_RC522_ReadByte                       0x0800744d   Thumb Code    72  rc52.o(i.SPI_RC522_ReadByte)
    SPI_RC522_SendByte                       0x08007499   Thumb Code    76  rc52.o(i.SPI_RC522_SendByte)
    SetBitMask                               0x08007555   Thumb Code    24  rc52.o(i.SetBitMask)
    Show_Str                                 0x08007621   Thumb Code   146  text.o(i.Show_Str)
    Show_Str_Mid                             0x080076b5   Thumb Code    82  text.o(i.Show_Str_Mid)
    SysTick_CLKSourceConfig                  0x0800770d   Thumb Code    24  misc.o(i.SysTick_CLKSourceConfig)
    SysTick_Handler                          0x08007725   Thumb Code    20  delay.o(i.SysTick_Handler)
    SystemInit                               0x08007739   Thumb Code    74  system_stm32f4xx.o(i.SystemInit)
    TIM14_PWM_Init                           0x08007795   Thumb Code   152  pwm.o(i.TIM14_PWM_Init)
    TIM5_IRQHandler                          0x08007835   Thumb Code    48  timer7.o(i.TIM5_IRQHandler)
    TIM5_Int_Init                            0x0800786d   Thumb Code    80  timer7.o(i.TIM5_Int_Init)
    TIM7_IRQHandler                          0x080078c1   Thumb Code    48  timer.o(i.TIM7_IRQHandler)
    TIM7_Int_Init                            0x080078f9   Thumb Code    80  timer.o(i.TIM7_Int_Init)
    TIM_ARRPreloadConfig                     0x0800794d   Thumb Code    20  stm32f4xx_tim.o(i.TIM_ARRPreloadConfig)
    TIM_ClearITPendingBit                    0x08007961   Thumb Code     6  stm32f4xx_tim.o(i.TIM_ClearITPendingBit)
    TIM_Cmd                                  0x08007967   Thumb Code    20  stm32f4xx_tim.o(i.TIM_Cmd)
    TIM_GetITStatus                          0x0800797b   Thumb Code    24  stm32f4xx_tim.o(i.TIM_GetITStatus)
    TIM_ITConfig                             0x08007993   Thumb Code    16  stm32f4xx_tim.o(i.TIM_ITConfig)
    TIM_OC1Init                              0x080079a5   Thumb Code    88  stm32f4xx_tim.o(i.TIM_OC1Init)
    TIM_OC1PreloadConfig                     0x08007a05   Thumb Code    12  stm32f4xx_tim.o(i.TIM_OC1PreloadConfig)
    TIM_SetCompare1                          0x08007a11   Thumb Code     4  stm32f4xx_tim.o(i.TIM_SetCompare1)
    TIM_SetCounter                           0x08007a15   Thumb Code     4  stm32f4xx_tim.o(i.TIM_SetCounter)
    TIM_TimeBaseInit                         0x08007a19   Thumb Code    96  stm32f4xx_tim.o(i.TIM_TimeBaseInit)
    TP_Adj_Info_Show                         0x08007a95   Thumb Code   326  touch.o(i.TP_Adj_Info_Show)
    TP_Adjust                                0x08007c0d   Thumb Code  1336  touch.o(i.TP_Adjust)
    TP_Drow_Touch_Point                      0x08008175   Thumb Code   106  touch.o(i.TP_Drow_Touch_Point)
    TP_Get_Adjdata                           0x080081e5   Thumb Code   130  touch.o(i.TP_Get_Adjdata)
    TP_Init                                  0x08008271   Thumb Code   232  touch.o(i.TP_Init)
    TP_Read_AD                               0x08008379   Thumb Code   126  touch.o(i.TP_Read_AD)
    TP_Read_XOY                              0x08008405   Thumb Code    96  touch.o(i.TP_Read_XOY)
    TP_Read_XY                               0x08008465   Thumb Code    34  touch.o(i.TP_Read_XY)
    TP_Read_XY2                              0x0800848d   Thumb Code   124  touch.o(i.TP_Read_XY2)
    TP_Save_Adjdata                          0x08008509   Thumb Code   110  touch.o(i.TP_Save_Adjdata)
    TP_Scan                                  0x08008581   Thumb Code   184  touch.o(i.TP_Scan)
    TP_Write_Byte                            0x08008641   Thumb Code    62  touch.o(i.TP_Write_Byte)
    USART1_IRQHandler                        0x08008689   Thumb Code    88  usart.o(i.USART1_IRQHandler)
    USART2_IRQHandler                        0x080086ed   Thumb Code    80  usart2.o(i.USART2_IRQHandler)
    USART3_IRQHandler                        0x0800874d   Thumb Code   100  usart3.o(i.USART3_IRQHandler)
    USART_Cmd                                0x080087c5   Thumb Code    20  stm32f4xx_usart.o(i.USART_Cmd)
    USART_DeInit                             0x080087d9   Thumb Code   138  stm32f4xx_usart.o(i.USART_DeInit)
    USART_GetFlagStatus                      0x08008885   Thumb Code    14  stm32f4xx_usart.o(i.USART_GetFlagStatus)
    USART_GetITStatus                        0x08008893   Thumb Code    62  stm32f4xx_usart.o(i.USART_GetITStatus)
    USART_ITConfig                           0x080088d1   Thumb Code    48  stm32f4xx_usart.o(i.USART_ITConfig)
    USART_Init                               0x08008901   Thumb Code   164  stm32f4xx_usart.o(i.USART_Init)
    USART_ReceiveData                        0x080089ad   Thumb Code     8  stm32f4xx_usart.o(i.USART_ReceiveData)
    USART_SendData                           0x080089b5   Thumb Code     8  stm32f4xx_usart.o(i.USART_SendData)
    UsageFault_Handler                       0x080089bd   Thumb Code     2  stm32f4xx_it.o(i.UsageFault_Handler)
    WriteRawRC                               0x080089c1   Thumb Code    44  rc52.o(i.WriteRawRC)
    __ARM_fpclassify                         0x080089f1   Thumb Code    48  fpclassify.o(i.__ARM_fpclassify)
    __hardfp_sqrt                            0x08008a21   Thumb Code   122  sqrt.o(i.__hardfp_sqrt)
    _is_digit                                0x08008a9b   Thumb Code    14  __printf_wp.o(i._is_digit)
    _sys_exit                                0x08008aa9   Thumb Code     2  usart.o(i._sys_exit)
    delay_init                               0x08008aad   Thumb Code    50  delay.o(i.delay_init)
    delay_ms                                 0x08008ae5   Thumb Code    52  delay.o(i.delay_ms)
    delay_us                                 0x08008b1d   Thumb Code    48  delay.o(i.delay_us)
    delay_xms                                0x08008b51   Thumb Code    26  delay.o(i.delay_xms)
    esp8266_check_cmd                        0x08008b6d   Thumb Code    28  esp8266.o(i.esp8266_check_cmd)
    esp8266_send_cmd                         0x08008b91   Thumb Code    84  esp8266.o(i.esp8266_send_cmd)
    esp8266_start_trans                      0x08008bfd   Thumb Code    98  esp8266.o(i.esp8266_start_trans)
    fputc                                    0x08008ce1   Thumb Code    14  usart.o(i.fputc)
    main                                     0x08008cf5   Thumb Code   310  main.o(i.main)
    press_FR                                 0x08008e75   Thumb Code    74  as608.o(i.press_FR)
    pvPortMalloc                             0x0800976d   Thumb Code   214  heap_4.o(i.pvPortMalloc)
    pvTaskIncrementMutexHeldCount            0x08009881   Thumb Code    18  tasks.o(i.pvTaskIncrementMutexHeldCount)
    pxPortInitialiseStack                    0x08009899   Thumb Code    40  port.o(i.pxPortInitialiseStack)
    set_Angle                                0x080098c5   Thumb Code    68  pwm.o(i.set_Angle)
    shibieka                                 0x08009921   Thumb Code   118  rc52.o(i.shibieka)
    start_task                               0x080099ad   Thumb Code   192  main.o(i.start_task)
    u3_printf                                0x08009b81   Thumb Code    68  usart3.o(i.u3_printf)
    uart_init                                0x08009bcd   Thumb Code   162  usart.o(i.uart_init)
    usart2_init                              0x08009c79   Thumb Code   198  usart2.o(i.usart2_init)
    usart3_init                              0x08009d51   Thumb Code   198  usart3.o(i.usart3_init)
    uxListRemove                             0x08009e29   Thumb Code    36  list.o(i.uxListRemove)
    uxTaskResetEventItemValue                0x08009e4d   Thumb Code    20  tasks.o(i.uxTaskResetEventItemValue)
    vListInitialise                          0x08009e65   Thumb Code    22  list.o(i.vListInitialise)
    vListInitialiseItem                      0x08009e7b   Thumb Code     6  list.o(i.vListInitialiseItem)
    vListInsert                              0x08009e81   Thumb Code    48  list.o(i.vListInsert)
    vListInsertEnd                           0x08009eb1   Thumb Code    24  list.o(i.vListInsertEnd)
    vPortEnterCritical                       0x08009ec9   Thumb Code    50  port.o(i.vPortEnterCritical)
    vPortExitCritical                        0x08009f41   Thumb Code    34  port.o(i.vPortExitCritical)
    vPortFree                                0x08009fa5   Thumb Code    94  heap_4.o(i.vPortFree)
    vPortSetupTimerInterrupt                 0x0800a041   Thumb Code    26  port.o(i.vPortSetupTimerInterrupt)
    vPortValidateInterruptPriority           0x0800a061   Thumb Code    70  port.o(i.vPortValidateInterruptPriority)
    vQueueAddToRegistry                      0x0800a0ed   Thumb Code    32  queue.o(i.vQueueAddToRegistry)
    vQueueWaitForMessageRestricted           0x0800a111   Thumb Code    68  queue.o(i.vQueueWaitForMessageRestricted)
    vTaskDelay                               0x0800a155   Thumb Code    62  tasks.o(i.vTaskDelay)
    vTaskDelete                              0x0800a1c1   Thumb Code   152  tasks.o(i.vTaskDelete)
    vTaskMissedYield                         0x0800a28d   Thumb Code     8  tasks.o(i.vTaskMissedYield)
    vTaskPlaceOnEventList                    0x0800a299   Thumb Code    44  tasks.o(i.vTaskPlaceOnEventList)
    vTaskPlaceOnEventListRestricted          0x0800a2ed   Thumb Code    52  tasks.o(i.vTaskPlaceOnEventListRestricted)
    vTaskPlaceOnUnorderedEventList           0x0800a349   Thumb Code    72  tasks.o(i.vTaskPlaceOnUnorderedEventList)
    vTaskPriorityInherit                     0x0800a3b9   Thumb Code   124  tasks.o(i.vTaskPriorityInherit)
    vTaskSetTimeOutState                     0x0800a43d   Thumb Code    30  tasks.o(i.vTaskSetTimeOutState)
    vTaskStartScheduler                      0x0800a485   Thumb Code    96  tasks.o(i.vTaskStartScheduler)
    vTaskSuspend                             0x0800a519   Thumb Code   154  tasks.o(i.vTaskSuspend)
    vTaskSuspendAll                          0x0800a5e9   Thumb Code    10  tasks.o(i.vTaskSuspendAll)
    vTaskSwitchContext                       0x0800a5f9   Thumb Code    80  tasks.o(i.vTaskSwitchContext)
    xEventGroupCreate                        0x0800a675   Thumb Code    26  event_groups.o(i.xEventGroupCreate)
    xEventGroupSetBits                       0x0800a691   Thumb Code   132  event_groups.o(i.xEventGroupSetBits)
    xEventGroupWaitBits                      0x0800a741   Thumb Code   240  event_groups.o(i.xEventGroupWaitBits)
    xPortStartScheduler                      0x0800a861   Thumb Code   196  port.o(i.xPortStartScheduler)
    xPortSysTickHandler                      0x0800a975   Thumb Code    38  port.o(i.xPortSysTickHandler)
    xQueueGenericCreate                      0x0800a9a1   Thumb Code    82  queue.o(i.xQueueGenericCreate)
    xQueueGenericReceive                     0x0800aa19   Thumb Code   348  queue.o(i.xQueueGenericReceive)
    xQueueGenericReset                       0x0800ab9d   Thumb Code   128  queue.o(i.xQueueGenericReset)
    xQueueGenericSend                        0x0800ac45   Thumb Code   350  queue.o(i.xQueueGenericSend)
    xQueueGenericSendFromISR                 0x0800adcd   Thumb Code   188  queue.o(i.xQueueGenericSendFromISR)
    xTaskCheckForTimeOut                     0x0800aead   Thumb Code    94  tasks.o(i.xTaskCheckForTimeOut)
    xTaskCreate                              0x0800af35   Thumb Code    86  tasks.o(i.xTaskCreate)
    xTaskGetSchedulerState                   0x0800af8d   Thumb Code    22  tasks.o(i.xTaskGetSchedulerState)
    xTaskGetTickCount                        0x0800afa9   Thumb Code     6  tasks.o(i.xTaskGetTickCount)
    xTaskIncrementTick                       0x0800afb5   Thumb Code   188  tasks.o(i.xTaskIncrementTick)
    xTaskPriorityDisinherit                  0x0800b09d   Thumb Code   136  tasks.o(i.xTaskPriorityDisinherit)
    xTaskRemoveFromEventList                 0x0800b151   Thumb Code   102  tasks.o(i.xTaskRemoveFromEventList)
    xTaskRemoveFromUnorderedEventList        0x0800b1e9   Thumb Code   108  tasks.o(i.xTaskRemoveFromUnorderedEventList)
    xTaskResumeAll                           0x0800b281   Thumb Code   180  tasks.o(i.xTaskResumeAll)
    xTimerCreate                             0x0800b365   Thumb Code    74  timers.o(i.xTimerCreate)
    xTimerCreateTimerTask                    0x0800b3d9   Thumb Code    58  timers.o(i.xTimerCreateTimerTask)
    xTimerGenericCommand                     0x0800b44d   Thumb Code    98  timers.o(i.xTimerGenericCommand)
    _get_lc_numeric                          0x0800b4dd   Thumb Code    44  lc_numeric_c.o(locale$$code)
    _get_lc_ctype                            0x0800b509   Thumb Code    44  lc_ctype_c.o(locale$$code)
    __aeabi_dadd                             0x0800b535   Thumb Code     0  daddsub_clz.o(x$fpl$dadd)
    _dadd                                    0x0800b535   Thumb Code   332  daddsub_clz.o(x$fpl$dadd)
    __fpl_dcmp_Inf                           0x0800b685   Thumb Code    24  dcmpi.o(x$fpl$dcmpinf)
    __aeabi_d2uiz                            0x0800b69d   Thumb Code     0  dfixu.o(x$fpl$dfixu)
    _dfixu                                   0x0800b69d   Thumb Code    90  dfixu.o(x$fpl$dfixu)
    __aeabi_ui2d                             0x0800b6f7   Thumb Code     0  dflt_clz.o(x$fpl$dfltu)
    _dfltu                                   0x0800b6f7   Thumb Code    38  dflt_clz.o(x$fpl$dfltu)
    __aeabi_cdcmple                          0x0800b71d   Thumb Code     0  dleqf.o(x$fpl$dleqf)
    _dcmple                                  0x0800b71d   Thumb Code   120  dleqf.o(x$fpl$dleqf)
    __fpl_dcmple_InfNaN                      0x0800b77f   Thumb Code     0  dleqf.o(x$fpl$dleqf)
    __aeabi_dmul                             0x0800b795   Thumb Code     0  dmul.o(x$fpl$dmul)
    _dmul                                    0x0800b795   Thumb Code   332  dmul.o(x$fpl$dmul)
    __fpl_dnaninf                            0x0800b8e9   Thumb Code   156  dnaninf.o(x$fpl$dnaninf)
    __fpl_dretinf                            0x0800b985   Thumb Code    12  dretinf.o(x$fpl$dretinf)
    __aeabi_cdrcmple                         0x0800b991   Thumb Code     0  drleqf.o(x$fpl$drleqf)
    _drcmple                                 0x0800b991   Thumb Code   108  drleqf.o(x$fpl$drleqf)
    __aeabi_drsub                            0x0800b9fd   Thumb Code     0  daddsub_clz.o(x$fpl$drsb)
    _drsb                                    0x0800b9fd   Thumb Code    22  daddsub_clz.o(x$fpl$drsb)
    _dsqrt                                   0x0800ba15   Thumb Code   404  dsqrt_umaal.o(x$fpl$dsqrt)
    __aeabi_dsub                             0x0800bbad   Thumb Code     0  daddsub_clz.o(x$fpl$dsub)
    _dsub                                    0x0800bbad   Thumb Code   464  daddsub_clz.o(x$fpl$dsub)
    __aeabi_f2d                              0x0800bd81   Thumb Code     0  f2d.o(x$fpl$f2d)
    _f2d                                     0x0800bd81   Thumb Code    86  f2d.o(x$fpl$f2d)
    __fpl_fnaninf                            0x0800bdd7   Thumb Code   140  fnaninf.o(x$fpl$fnaninf)
    _fp_init                                 0x0800be63   Thumb Code    10  fpinit.o(x$fpl$fpinit)
    __fplib_config_fpu_vfp                   0x0800be6b   Thumb Code     0  fpinit.o(x$fpl$fpinit)
    __fplib_config_pureend_doubles           0x0800be6b   Thumb Code     0  fpinit.o(x$fpl$fpinit)
    _printf_fp_dec                           0x0800be6d   Thumb Code     4  printf1.o(x$fpl$printf1)
    __I$use$fp                               0x0800be70   Number         0  usenofp.o(x$fpl$usenofp)
    asc2_1206                                0x0800be70   Data        1140  lcd.o(.constdata)
    asc2_1608                                0x0800c2e4   Data        1520  lcd.o(.constdata)
    asc2_2412                                0x0800c8d4   Data        3420  lcd.o(.constdata)
    chinese_one_1616                         0x0800d630   Data         192  lcd.o(.constdata)
    chinese_two_1616                         0x0800d6f0   Data         352  lcd.o(.constdata)
    FT5206_TPX_TBL                           0x0800d850   Data          10  ft5206.o(.constdata)
    GT9147_CFG_TBL                           0x0800d85a   Data         184  gt9147.o(.constdata)
    GT9147_TPX_TBL                           0x0800d912   Data          10  gt9147.o(.constdata)
    OTT_TPX_TBL                              0x0800d91c   Data          10  ott2001a.o(.constdata)
    TP_REMIND_MSG_TBL                        0x0800d928   Data           4  touch.o(.constdata)
    Region$$Table$$Base                      0x0800dac8   Number         0  anon$$obj.o(Region$$Table)
    Region$$Table$$Limit                     0x0800dae8   Number         0  anon$$obj.o(Region$$Table)
    __ctype                                  0x0800db11   Data           0  lc_ctype_c.o(locale$$data)
    err                                      0x20000000   Data           1  main.o(.data)
    sg90flag                                 0x20000001   Data           1  main.o(.data)
    rfidflag                                 0x20000002   Data           1  main.o(.data)
    key                                      0x20000003   Data           1  main.o(.data)
    StartTask_Handler                        0x20000004   Data           4  main.o(.data)
    SG90Task_Handler                         0x20000008   Data           4  main.o(.data)
    LCDTask_Handler                          0x2000000c   Data           4  main.o(.data)
    RFIDTask_Handler                         0x20000010   Data           4  main.o(.data)
    AS608Task_Handler                        0x20000014   Data           4  main.o(.data)
    ESP8266Task_Handler                      0x20000018   Data           4  main.o(.data)
    EventGroupHandler                        0x2000001c   Data           4  main.o(.data)
    kbd_menu                                 0x20000020   Data          60  main.o(.data)
    SystemCoreClock                          0x2000005c   Data           4  system_stm32f4xx.o(.data)
    AHBPrescTable                            0x20000060   Data          16  system_stm32f4xx.o(.data)
    POINT_COLOR                              0x20000072   Data           2  lcd.o(.data)
    BACK_COLOR                               0x20000074   Data           2  lcd.o(.data)
    kbd_tbl                                  0x20000078   Data           4  lcd.o(.data)
    status                                   0x2000007d   Data           1  rc52.o(.data)
    CT                                       0x2000007e   Data           2  rc52.o(.data)
    kahao1                                   0x20000080   Data           4  rc52.o(.data)
    ID                                       0x20000084   Data           4  rc52.o(.data)
    USART2_RX_STA                            0x20000088   Data           2  usart2.o(.data)
    ensure1                                  0x2000008c   Data           1  as608.o(.data)
    ValidN                                   0x2000008e   Data           2  as608.o(.data)
    AS608Addr                                0x20000090   Data           4  as608.o(.data)
    USART_RX_STA                             0x20000098   Data           2  usart.o(.data)
    __stdout                                 0x2000009c   Data           4  usart.o(.data)
    pxCurrentTCB                             0x200000b0   Data           4  tasks.o(.data)
    CMD_RDX                                  0x20000128   Data           1  touch.o(.data)
    CMD_RDY                                  0x20000129   Data           1  touch.o(.data)
    tp_dev                                   0x2000012c   Data          52  touch.o(.data)
    USART3_RX_STA                            0x20000160   Data           2  usart3.o(.data)
    lcddev                                   0x20000164   Data          14  lcd.o(.bss)
    USART2_TX_BUF                            0x20000178   Data         400  usart2.o(.bss)
    USART2_RX_BUF                            0x20000308   Data         400  usart2.o(.bss)
    AS608Para                                0x20000498   Data          12  as608.o(.bss)
    USART_RX_BUF                             0x200004a4   Data         200  usart.o(.bss)
    xQueueRegistry                           0x2000056c   Data          64  queue.o(.bss)
    USART3_TX_BUF                            0x200098b8   Data         400  usart3.o(.bss)
    USART3_RX_BUF                            0x20009a48   Data         400  usart3.o(.bss)
    __libspace_start                         0x20009bd8   Data          96  libspace.o(.bss)
    __temporary_stack_top$libspace           0x20009c38   Data           0  libspace.o(.bss)



==============================================================================

Memory Map of the image

  Image Entry point : 0x08000189

  Load Region LR_IROM1 (Base: 0x08000000, Size: 0x0000dd78, Max: 0x00100000, ABSOLUTE, COMPRESSED[0x0000dc80])

    Execution Region ER_IROM1 (Exec base: 0x08000000, Load base: 0x08000000, Size: 0x0000dc14, Max: 0x00100000, ABSOLUTE)

    Exec Addr    Load Addr    Size         Type   Attr      Idx    E Section Name        Object

    0x08000000   0x08000000   0x00000188   Data   RO         1280    RESET               startup_stm32f40_41xxx.o
    0x08000188   0x08000188   0x00000008   Code   RO         4431  * !!!main             c_w.l(__main.o)
    0x08000190   0x08000190   0x00000034   Code   RO         4751    !!!scatter          c_w.l(__scatter.o)
    0x080001c4   0x080001c4   0x0000005a   Code   RO         4749    !!dczerorl2         c_w.l(__dczerorl2.o)
    0x0800021e   0x0800021e   0x00000002   PAD
    0x08000220   0x08000220   0x0000001c   Code   RO         4753    !!handler_zi        c_w.l(__scatter_zi.o)
    0x0800023c   0x0800023c   0x00000000   Code   RO         4414    .ARM.Collect$$_printf_percent$$00000000  c_w.l(_printf_percent.o)
    0x0800023c   0x0800023c   0x00000006   Code   RO         4501    .ARM.Collect$$_printf_percent$$00000001  c_w.l(_printf_n.o)
    0x08000242   0x08000242   0x00000006   Code   RO         4502    .ARM.Collect$$_printf_percent$$00000002  c_w.l(_printf_p.o)
    0x08000248   0x08000248   0x00000006   Code   RO         4505    .ARM.Collect$$_printf_percent$$00000003  c_w.l(_printf_f.o)
    0x0800024e   0x0800024e   0x00000006   Code   RO         4506    .ARM.Collect$$_printf_percent$$00000004  c_w.l(_printf_e.o)
    0x08000254   0x08000254   0x00000006   Code   RO         4507    .ARM.Collect$$_printf_percent$$00000005  c_w.l(_printf_g.o)
    0x0800025a   0x0800025a   0x00000006   Code   RO         4508    .ARM.Collect$$_printf_percent$$00000006  c_w.l(_printf_a.o)
    0x08000260   0x08000260   0x0000000a   Code   RO         4513    .ARM.Collect$$_printf_percent$$00000007  c_w.l(_printf_ll.o)
    0x0800026a   0x0800026a   0x00000006   Code   RO         4504    .ARM.Collect$$_printf_percent$$00000008  c_w.l(_printf_i.o)
    0x08000270   0x08000270   0x00000006   Code   RO         4412    .ARM.Collect$$_printf_percent$$00000009  c_w.l(_printf_d.o)
    0x08000276   0x08000276   0x00000006   Code   RO         4413    .ARM.Collect$$_printf_percent$$0000000A  c_w.l(_printf_u.o)
    0x0800027c   0x0800027c   0x00000006   Code   RO         4503    .ARM.Collect$$_printf_percent$$0000000B  c_w.l(_printf_o.o)
    0x08000282   0x08000282   0x00000006   Code   RO         4411    .ARM.Collect$$_printf_percent$$0000000C  c_w.l(_printf_x.o)
    0x08000288   0x08000288   0x00000006   Code   RO         4510    .ARM.Collect$$_printf_percent$$0000000D  c_w.l(_printf_lli.o)
    0x0800028e   0x0800028e   0x00000006   Code   RO         4511    .ARM.Collect$$_printf_percent$$0000000E  c_w.l(_printf_lld.o)
    0x08000294   0x08000294   0x00000006   Code   RO         4512    .ARM.Collect$$_printf_percent$$0000000F  c_w.l(_printf_llu.o)
    0x0800029a   0x0800029a   0x00000006   Code   RO         4517    .ARM.Collect$$_printf_percent$$00000010  c_w.l(_printf_llo.o)
    0x080002a0   0x080002a0   0x00000006   Code   RO         4518    .ARM.Collect$$_printf_percent$$00000011  c_w.l(_printf_llx.o)
    0x080002a6   0x080002a6   0x0000000a   Code   RO         4514    .ARM.Collect$$_printf_percent$$00000012  c_w.l(_printf_l.o)
    0x080002b0   0x080002b0   0x00000006   Code   RO         4409    .ARM.Collect$$_printf_percent$$00000013  c_w.l(_printf_c.o)
    0x080002b6   0x080002b6   0x00000006   Code   RO         4410    .ARM.Collect$$_printf_percent$$00000014  c_w.l(_printf_s.o)
    0x080002bc   0x080002bc   0x00000006   Code   RO         4515    .ARM.Collect$$_printf_percent$$00000015  c_w.l(_printf_lc.o)
    0x080002c2   0x080002c2   0x00000006   Code   RO         4516    .ARM.Collect$$_printf_percent$$00000016  c_w.l(_printf_ls.o)
    0x080002c8   0x080002c8   0x00000004   Code   RO         4509    .ARM.Collect$$_printf_percent$$00000017  c_w.l(_printf_percent_end.o)
    0x080002cc   0x080002cc   0x00000002   Code   RO         4619    .ARM.Collect$$libinit$$00000000  c_w.l(libinit.o)
    0x080002ce   0x080002ce   0x00000004   Code   RO         4629    .ARM.Collect$$libinit$$00000001  c_w.l(libinit2.o)
    0x080002d2   0x080002d2   0x00000000   Code   RO         4632    .ARM.Collect$$libinit$$00000004  c_w.l(libinit2.o)
    0x080002d2   0x080002d2   0x00000000   Code   RO         4635    .ARM.Collect$$libinit$$0000000A  c_w.l(libinit2.o)
    0x080002d2   0x080002d2   0x00000000   Code   RO         4637    .ARM.Collect$$libinit$$0000000C  c_w.l(libinit2.o)
    0x080002d2   0x080002d2   0x00000000   Code   RO         4639    .ARM.Collect$$libinit$$0000000E  c_w.l(libinit2.o)
    0x080002d2   0x080002d2   0x00000006   Code   RO         4640    .ARM.Collect$$libinit$$0000000F  c_w.l(libinit2.o)
    0x080002d8   0x080002d8   0x00000000   Code   RO         4642    .ARM.Collect$$libinit$$00000011  c_w.l(libinit2.o)
    0x080002d8   0x080002d8   0x0000000c   Code   RO         4643    .ARM.Collect$$libinit$$00000012  c_w.l(libinit2.o)
    0x080002e4   0x080002e4   0x00000000   Code   RO         4644    .ARM.Collect$$libinit$$00000013  c_w.l(libinit2.o)
    0x080002e4   0x080002e4   0x00000000   Code   RO         4646    .ARM.Collect$$libinit$$00000015  c_w.l(libinit2.o)
    0x080002e4   0x080002e4   0x0000000a   Code   RO         4647    .ARM.Collect$$libinit$$00000016  c_w.l(libinit2.o)
    0x080002ee   0x080002ee   0x00000000   Code   RO         4648    .ARM.Collect$$libinit$$00000017  c_w.l(libinit2.o)
    0x080002ee   0x080002ee   0x00000000   Code   RO         4650    .ARM.Collect$$libinit$$00000019  c_w.l(libinit2.o)
    0x080002ee   0x080002ee   0x00000000   Code   RO         4652    .ARM.Collect$$libinit$$0000001B  c_w.l(libinit2.o)
    0x080002ee   0x080002ee   0x00000000   Code   RO         4654    .ARM.Collect$$libinit$$0000001D  c_w.l(libinit2.o)
    0x080002ee   0x080002ee   0x00000000   Code   RO         4656    .ARM.Collect$$libinit$$0000001F  c_w.l(libinit2.o)
    0x080002ee   0x080002ee   0x00000000   Code   RO         4658    .ARM.Collect$$libinit$$00000021  c_w.l(libinit2.o)
    0x080002ee   0x080002ee   0x00000000   Code   RO         4660    .ARM.Collect$$libinit$$00000023  c_w.l(libinit2.o)
    0x080002ee   0x080002ee   0x00000000   Code   RO         4662    .ARM.Collect$$libinit$$00000025  c_w.l(libinit2.o)
    0x080002ee   0x080002ee   0x00000000   Code   RO         4666    .ARM.Collect$$libinit$$0000002C  c_w.l(libinit2.o)
    0x080002ee   0x080002ee   0x00000000   Code   RO         4668    .ARM.Collect$$libinit$$0000002E  c_w.l(libinit2.o)
    0x080002ee   0x080002ee   0x00000000   Code   RO         4670    .ARM.Collect$$libinit$$00000030  c_w.l(libinit2.o)
    0x080002ee   0x080002ee   0x00000000   Code   RO         4672    .ARM.Collect$$libinit$$00000032  c_w.l(libinit2.o)
    0x080002ee   0x080002ee   0x00000002   Code   RO         4673    .ARM.Collect$$libinit$$00000033  c_w.l(libinit2.o)
    0x080002f0   0x080002f0   0x00000002   Code   RO         4691    .ARM.Collect$$libshutdown$$00000000  c_w.l(libshutdown.o)
    0x080002f2   0x080002f2   0x00000000   Code   RO         4701    .ARM.Collect$$libshutdown$$00000002  c_w.l(libshutdown2.o)
    0x080002f2   0x080002f2   0x00000000   Code   RO         4703    .ARM.Collect$$libshutdown$$00000004  c_w.l(libshutdown2.o)
    0x080002f2   0x080002f2   0x00000000   Code   RO         4706    .ARM.Collect$$libshutdown$$00000007  c_w.l(libshutdown2.o)
    0x080002f2   0x080002f2   0x00000000   Code   RO         4709    .ARM.Collect$$libshutdown$$0000000A  c_w.l(libshutdown2.o)
    0x080002f2   0x080002f2   0x00000000   Code   RO         4711    .ARM.Collect$$libshutdown$$0000000C  c_w.l(libshutdown2.o)
    0x080002f2   0x080002f2   0x00000000   Code   RO         4714    .ARM.Collect$$libshutdown$$0000000F  c_w.l(libshutdown2.o)
    0x080002f2   0x080002f2   0x00000002   Code   RO         4715    .ARM.Collect$$libshutdown$$00000010  c_w.l(libshutdown2.o)
    0x080002f4   0x080002f4   0x00000000   Code   RO         4471    .ARM.Collect$$rtentry$$00000000  c_w.l(__rtentry.o)
    0x080002f4   0x080002f4   0x00000000   Code   RO         4537    .ARM.Collect$$rtentry$$00000002  c_w.l(__rtentry2.o)
    0x080002f4   0x080002f4   0x00000006   Code   RO         4549    .ARM.Collect$$rtentry$$00000004  c_w.l(__rtentry4.o)
    0x080002fa   0x080002fa   0x00000000   Code   RO         4539    .ARM.Collect$$rtentry$$00000009  c_w.l(__rtentry2.o)
    0x080002fa   0x080002fa   0x00000004   Code   RO         4540    .ARM.Collect$$rtentry$$0000000A  c_w.l(__rtentry2.o)
    0x080002fe   0x080002fe   0x00000000   Code   RO         4542    .ARM.Collect$$rtentry$$0000000C  c_w.l(__rtentry2.o)
    0x080002fe   0x080002fe   0x00000008   Code   RO         4543    .ARM.Collect$$rtentry$$0000000D  c_w.l(__rtentry2.o)
    0x08000306   0x08000306   0x00000002   Code   RO         4624    .ARM.Collect$$rtexit$$00000000  c_w.l(rtexit.o)
    0x08000308   0x08000308   0x00000000   Code   RO         4675    .ARM.Collect$$rtexit$$00000002  c_w.l(rtexit2.o)
    0x08000308   0x08000308   0x00000004   Code   RO         4676    .ARM.Collect$$rtexit$$00000003  c_w.l(rtexit2.o)
    0x0800030c   0x0800030c   0x00000006   Code   RO         4677    .ARM.Collect$$rtexit$$00000004  c_w.l(rtexit2.o)
    0x08000312   0x08000312   0x00000002   PAD
    0x08000314   0x08000314   0x000000b6   Code   RO         3631    .emb_text           port.o
    0x080003ca   0x080003ca   0x00000002   PAD
    0x080003cc   0x080003cc   0x00000040   Code   RO         1281    .text               startup_stm32f40_41xxx.o
    0x0800040c   0x0800040c   0x00000002   Code   RO         4350    .text               c_w.l(use_no_semi_2.o)
    0x0800040e   0x0800040e   0x00000002   PAD
    0x08000410   0x08000410   0x00000024   Code   RO         4352    .text               c_w.l(c89vsprintf.o)
    0x08000434   0x08000434   0x00000018   Code   RO         4354    .text               c_w.l(__2printf.o)
    0x0800044c   0x0800044c   0x00000052   Code   RO         4364    .text               c_w.l(_printf_str.o)
    0x0800049e   0x0800049e   0x00000002   PAD
    0x080004a0   0x080004a0   0x00000078   Code   RO         4366    .text               c_w.l(_printf_dec.o)
    0x08000518   0x08000518   0x00000094   Code   RO         4386    .text               c_w.l(_printf_hex_int_ll_ptr.o)
    0x080005ac   0x080005ac   0x00000188   Code   RO         4406    .text               c_w.l(__printf_flags_ss_wp.o)
    0x08000734   0x08000734   0x00000024   Code   RO         4415    .text               c_w.l(strstr.o)
    0x08000758   0x08000758   0x0000003e   Code   RO         4419    .text               c_w.l(strlen.o)
    0x08000796   0x08000796   0x0000008a   Code   RO         4421    .text               c_w.l(rt_memcpy_v6.o)
    0x08000820   0x08000820   0x00000010   Code   RO         4423    .text               c_w.l(aeabi_memset.o)
    0x08000830   0x08000830   0x00000044   Code   RO         4425    .text               c_w.l(rt_memclr.o)
    0x08000874   0x08000874   0x00000080   Code   RO         4427    .text               c_w.l(strcmpv7m.o)
    0x080008f4   0x080008f4   0x00000006   Code   RO         4429    .text               c_w.l(heapauxi.o)
    0x080008fa   0x080008fa   0x00000002   Code   RO         4469    .text               c_w.l(use_no_semi.o)
    0x080008fc   0x080008fc   0x00000016   Code   RO         4472    .text               c_w.l(_rserrno.o)
    0x08000912   0x08000912   0x0000004e   Code   RO         4474    .text               c_w.l(_printf_pad.o)
    0x08000960   0x08000960   0x00000024   Code   RO         4476    .text               c_w.l(_printf_truncate.o)
    0x08000984   0x08000984   0x000000b2   Code   RO         4478    .text               c_w.l(_printf_intcommon.o)
    0x08000a36   0x08000a36   0x00000028   Code   RO         4480    .text               c_w.l(_printf_charcount.o)
    0x08000a5e   0x08000a5e   0x00000002   PAD
    0x08000a60   0x08000a60   0x00000030   Code   RO         4482    .text               c_w.l(_printf_char_common.o)
    0x08000a90   0x08000a90   0x0000000a   Code   RO         4484    .text               c_w.l(_sputc.o)
    0x08000a9a   0x08000a9a   0x0000002c   Code   RO         4486    .text               c_w.l(_printf_char.o)
    0x08000ac6   0x08000ac6   0x00000002   PAD
    0x08000ac8   0x08000ac8   0x00000024   Code   RO         4488    .text               c_w.l(_printf_char_file.o)
    0x08000aec   0x08000aec   0x000000bc   Code   RO         4490    .text               c_w.l(_printf_wctomb.o)
    0x08000ba8   0x08000ba8   0x0000007c   Code   RO         4493    .text               c_w.l(_printf_longlong_dec.o)
    0x08000c24   0x08000c24   0x00000070   Code   RO         4499    .text               c_w.l(_printf_oct_int_ll.o)
    0x08000c94   0x08000c94   0x00000064   Code   RO         4519    .text               c_w.l(rt_memcpy_w.o)
    0x08000cf8   0x08000cf8   0x0000004e   Code   RO         4521    .text               c_w.l(rt_memclr_w.o)
    0x08000d46   0x08000d46   0x00000002   PAD
    0x08000d48   0x08000d48   0x00000008   Code   RO         4554    .text               c_w.l(rt_errno_addr_intlibspace.o)
    0x08000d50   0x08000d50   0x0000008a   Code   RO         4556    .text               c_w.l(lludiv10.o)
    0x08000dda   0x08000dda   0x0000041e   Code   RO         4558    .text               c_w.l(_printf_fp_dec.o)
    0x080011f8   0x080011f8   0x0000002c   Code   RO         4562    .text               c_w.l(_printf_wchar.o)
    0x08001224   0x08001224   0x00000008   Code   RO         4564    .text               c_w.l(ferror.o)
    0x0800122c   0x0800122c   0x00000040   Code   RO         4568    .text               c_w.l(_wcrtomb.o)
    0x0800126c   0x0800126c   0x00000008   Code   RO         4570    .text               c_w.l(libspace.o)
    0x08001274   0x08001274   0x0000004a   Code   RO         4573    .text               c_w.l(sys_stackheap_outer.o)
    0x080012be   0x080012be   0x00000002   PAD
    0x080012c0   0x080012c0   0x00000010   Code   RO         4575    .text               c_w.l(rt_ctype_table.o)
    0x080012d0   0x080012d0   0x00000008   Code   RO         4580    .text               c_w.l(rt_locale_intlibspace.o)
    0x080012d8   0x080012d8   0x00000080   Code   RO         4582    .text               c_w.l(_printf_fp_infnan.o)
    0x08001358   0x08001358   0x000000e4   Code   RO         4584    .text               c_w.l(bigflt0.o)
    0x0800143c   0x0800143c   0x00000012   Code   RO         4612    .text               c_w.l(exit.o)
    0x0800144e   0x0800144e   0x0000003e   Code   RO         4587    CL$$btod_d2e        c_w.l(btod.o)
    0x0800148c   0x0800148c   0x00000046   Code   RO         4589    CL$$btod_d2e_denorm_low  c_w.l(btod.o)
    0x080014d2   0x080014d2   0x00000060   Code   RO         4588    CL$$btod_d2e_norm_op1  c_w.l(btod.o)
    0x08001532   0x08001532   0x00000338   Code   RO         4597    CL$$btod_div_common  c_w.l(btod.o)
    0x0800186a   0x0800186a   0x000000dc   Code   RO         4594    CL$$btod_e2e        c_w.l(btod.o)
    0x08001946   0x08001946   0x0000002a   Code   RO         4591    CL$$btod_ediv       c_w.l(btod.o)
    0x08001970   0x08001970   0x0000002a   Code   RO         4590    CL$$btod_emul       c_w.l(btod.o)
    0x0800199a   0x0800199a   0x00000244   Code   RO         4596    CL$$btod_mult_common  c_w.l(btod.o)
    0x08001bde   0x08001bde   0x00000002   PAD
    0x08001be0   0x08001be0   0x000000a8   Code   RO          931    i.AS608_Init        as608.o
    0x08001c88   0x08001c88   0x000000c8   Code   RO          410    i.AS608_get_keynum  lcd.o
    0x08001d50   0x08001d50   0x00000090   Code   RO          411    i.AS608_key_staset  lcd.o
    0x08001de0   0x08001de0   0x0000011c   Code   RO          412    i.AS608_load_keyboard  lcd.o
    0x08001efc   0x08001efc   0x0000017c   Code   RO            3    i.AS608_task        main.o
    0x08002078   0x08002078   0x00000004   Code   RO         4096    i.AT24CXX_Init      24cxx.o
    0x0800207c   0x0800207c   0x0000002a   Code   RO         4098    i.AT24CXX_ReadLenByte  24cxx.o
    0x080020a6   0x080020a6   0x00000042   Code   RO         4099    i.AT24CXX_ReadOneByte  24cxx.o
    0x080020e8   0x080020e8   0x0000002a   Code   RO         4101    i.AT24CXX_WriteLenByte  24cxx.o
    0x08002112   0x08002112   0x0000003e   Code   RO         4102    i.AT24CXX_WriteOneByte  24cxx.o
    0x08002150   0x08002150   0x00000040   Code   RO         1133    i.BEEP_Init         beep.o
    0x08002190   0x08002190   0x00000002   Code   RO          274    i.BusFault_Handler  stm32f4xx_it.o
    0x08002192   0x08002192   0x00000002   PAD
    0x08002194   0x08002194   0x0000004c   Code   RO         3774    i.CT_IIC_Ack        ctiic.o
    0x080021e0   0x080021e0   0x00000040   Code   RO         3775    i.CT_IIC_Init       ctiic.o
    0x08002220   0x08002220   0x0000004c   Code   RO         3776    i.CT_IIC_NAck       ctiic.o
    0x0800226c   0x0800226c   0x00000070   Code   RO         3777    i.CT_IIC_Read_Byte  ctiic.o
    0x080022dc   0x080022dc   0x00000068   Code   RO         3778    i.CT_IIC_Send_Byte  ctiic.o
    0x08002344   0x08002344   0x0000004c   Code   RO         3779    i.CT_IIC_Start      ctiic.o
    0x08002390   0x08002390   0x00000044   Code   RO         3780    i.CT_IIC_Stop       ctiic.o
    0x080023d4   0x080023d4   0x00000054   Code   RO         3781    i.CT_IIC_Wait_Ack   ctiic.o
    0x08002428   0x08002428   0x00000066   Code   RO          720    i.CalulateCRC       rc52.o
    0x0800248e   0x0800248e   0x00000002   PAD
    0x08002490   0x08002490   0x0000008c   Code   RO          413    i.Chinese_Show_one  lcd.o
    0x0800251c   0x0800251c   0x0000008c   Code   RO          414    i.Chinese_Show_two  lcd.o
    0x080025a8   0x080025a8   0x00000018   Code   RO          721    i.ClearBitMask      rc52.o
    0x080025c0   0x080025c0   0x00000002   Code   RO          275    i.DebugMon_Handler  stm32f4xx_it.o
    0x080025c2   0x080025c2   0x00000002   PAD
    0x080025c4   0x080025c4   0x00000094   Code   RO            4    i.ESP8266_task      main.o
    0x08002658   0x08002658   0x00000244   Code   RO          932    i.EnsureMessage     as608.o
    0x0800289c   0x0800289c   0x00000020   Code   RO         2565    i.FSMC_NORSRAMCmd   stm32f4xx_fsmc.o
    0x080028bc   0x080028bc   0x000000c8   Code   RO         2567    i.FSMC_NORSRAMInit  stm32f4xx_fsmc.o
    0x08002984   0x08002984   0x000000d4   Code   RO         3844    i.FT5206_Init       ft5206.o
    0x08002a58   0x08002a58   0x00000056   Code   RO         3845    i.FT5206_RD_Reg     ft5206.o
    0x08002aae   0x08002aae   0x00000002   PAD
    0x08002ab0   0x08002ab0   0x00000134   Code   RO         3846    i.FT5206_Scan       ft5206.o
    0x08002be4   0x08002be4   0x00000048   Code   RO         3847    i.FT5206_WR_Reg     ft5206.o
    0x08002c2c   0x08002c2c   0x0000016c   Code   RO          415    i.GET_NUM           lcd.o
    0x08002d98   0x08002d98   0x00000078   Code   RO         1332    i.GPIO_Init         stm32f4xx_gpio.o
    0x08002e10   0x08002e10   0x00000020   Code   RO         1333    i.GPIO_PinAFConfig  stm32f4xx_gpio.o
    0x08002e30   0x08002e30   0x0000000e   Code   RO         1336    i.GPIO_ReadInputDataBit  stm32f4xx_gpio.o
    0x08002e3e   0x08002e3e   0x00000004   Code   RO         1339    i.GPIO_ResetBits    stm32f4xx_gpio.o
    0x08002e42   0x08002e42   0x00000004   Code   RO         1340    i.GPIO_SetBits      stm32f4xx_gpio.o
    0x08002e46   0x08002e46   0x00000002   PAD
    0x08002e48   0x08002e48   0x0000011c   Code   RO         3886    i.GT9147_Init       gt9147.o
    0x08002f64   0x08002f64   0x00000060   Code   RO         3887    i.GT9147_RD_Reg     gt9147.o
    0x08002fc4   0x08002fc4   0x0000017c   Code   RO         3888    i.GT9147_Scan       gt9147.o
    0x08003140   0x08003140   0x0000004c   Code   RO         3889    i.GT9147_Send_Cfg   gt9147.o
    0x0800318c   0x0800318c   0x00000052   Code   RO         3890    i.GT9147_WR_Reg     gt9147.o
    0x080031de   0x080031de   0x00000002   Code   RO          276    i.HardFault_Handler  stm32f4xx_it.o
    0x080031e0   0x080031e0   0x00000040   Code   RO         4157    i.IIC_Ack           myiic.o
    0x08003220   0x08003220   0x00000044   Code   RO         4158    i.IIC_Init          myiic.o
    0x08003264   0x08003264   0x00000040   Code   RO         4159    i.IIC_NAck          myiic.o
    0x080032a4   0x080032a4   0x00000068   Code   RO         4160    i.IIC_Read_Byte     myiic.o
    0x0800330c   0x0800330c   0x00000060   Code   RO         4161    i.IIC_Send_Byte     myiic.o
    0x0800336c   0x0800336c   0x00000040   Code   RO         4162    i.IIC_Start         myiic.o
    0x080033ac   0x080033ac   0x00000044   Code   RO         4163    i.IIC_Stop          myiic.o
    0x080033f0   0x080033f0   0x00000054   Code   RO         4164    i.IIC_Wait_Ack      myiic.o
    0x08003444   0x08003444   0x00000070   Code   RO          933    i.JudgeStr          as608.o
    0x080034b4   0x080034b4   0x00000044   Code   RO          667    i.KEY_Init          key.o
    0x080034f8   0x080034f8   0x000000cc   Code   RO          668    i.KEY_Scan          key.o
    0x080035c4   0x080035c4   0x00000030   Code   RO          417    i.LCD_Clear         lcd.o
    0x080035f4   0x080035f4   0x000000b8   Code   RO          421    i.LCD_Display_Dir   lcd.o
    0x080036ac   0x080036ac   0x00000096   Code   RO          422    i.LCD_DrawLine      lcd.o
    0x08003742   0x08003742   0x00000002   PAD
    0x08003744   0x08003744   0x0000001c   Code   RO          423    i.LCD_DrawPoint     lcd.o
    0x08003760   0x08003760   0x00000038   Code   RO          424    i.LCD_DrawRectangle  lcd.o
    0x08003798   0x08003798   0x000000b0   Code   RO          425    i.LCD_Draw_Circle   lcd.o
    0x08003848   0x08003848   0x000000d0   Code   RO          426    i.LCD_Fast_DrawPoint  lcd.o
    0x08003918   0x08003918   0x00000044   Code   RO          427    i.LCD_Fill          lcd.o
    0x0800395c   0x0800395c   0x00002730   Code   RO          428    i.LCD_Init          lcd.o
    0x0800608c   0x0800608c   0x00000010   Code   RO          429    i.LCD_Pow           lcd.o
    0x0800609c   0x0800609c   0x00000014   Code   RO          430    i.LCD_RD_DATA       lcd.o
    0x080060b0   0x080060b0   0x00000050   Code   RO          433    i.LCD_SSD_BackLightSet  lcd.o
    0x08006100   0x08006100   0x000001a0   Code   RO          434    i.LCD_Scan_Dir      lcd.o
    0x080062a0   0x080062a0   0x000000f0   Code   RO          435    i.LCD_SetCursor     lcd.o
    0x08006390   0x08006390   0x000000cc   Code   RO          437    i.LCD_ShowChar      lcd.o
    0x0800645c   0x0800645c   0x00000076   Code   RO          438    i.LCD_ShowNum       lcd.o
    0x080064d2   0x080064d2   0x00000054   Code   RO          439    i.LCD_ShowString    lcd.o
    0x08006526   0x08006526   0x00000018   Code   RO          441    i.LCD_WR_DATA       lcd.o
    0x0800653e   0x0800653e   0x00000018   Code   RO          442    i.LCD_WR_REG        lcd.o
    0x08006556   0x08006556   0x00000002   PAD
    0x08006558   0x08006558   0x00000014   Code   RO          444    i.LCD_WriteRAM_Prepare  lcd.o
    0x0800656c   0x0800656c   0x0000000c   Code   RO          445    i.LCD_WriteReg      lcd.o
    0x08006578   0x08006578   0x00000144   Code   RO            5    i.LCD_task          main.o
    0x080066bc   0x080066bc   0x00000040   Code   RO          390    i.LED_Init          led.o
    0x080066fc   0x080066fc   0x00000056   Code   RO          723    i.M500PcdConfigISOType  rc52.o
    0x08006752   0x08006752   0x00000002   PAD
    0x08006754   0x08006754   0x00000014   Code   RO          934    i.MYUSART_SendData  as608.o
    0x08006768   0x08006768   0x00000002   Code   RO          277    i.MemManage_Handler  stm32f4xx_it.o
    0x0800676a   0x0800676a   0x00000002   Code   RO          278    i.NMI_Handler       stm32f4xx_it.o
    0x0800676c   0x0800676c   0x00000064   Code   RO         1287    i.NVIC_Init         misc.o
    0x080067d0   0x080067d0   0x00000014   Code   RO         1288    i.NVIC_PriorityGroupConfig  misc.o
    0x080067e4   0x080067e4   0x000000a0   Code   RO         3937    i.OTT2001A_Init     ott2001a.o
    0x08006884   0x08006884   0x00000060   Code   RO         3938    i.OTT2001A_RD_Reg   ott2001a.o
    0x080068e4   0x080068e4   0x00000174   Code   RO         3939    i.OTT2001A_Scan     ott2001a.o
    0x08006a58   0x08006a58   0x0000001e   Code   RO         3940    i.OTT2001A_SensorControl  ott2001a.o
    0x08006a76   0x08006a76   0x00000052   Code   RO         3941    i.OTT2001A_WR_Reg   ott2001a.o
    0x08006ac8   0x08006ac8   0x0000003c   Code   RO          937    i.PS_GenChar        as608.o
    0x08006b04   0x08006b04   0x00000034   Code   RO          938    i.PS_GetImage       as608.o
    0x08006b38   0x08006b38   0x0000006c   Code   RO          939    i.PS_HandShake      as608.o
    0x08006ba4   0x08006ba4   0x00000084   Code   RO          940    i.PS_HighSpeedSearch  as608.o
    0x08006c28   0x08006c28   0x000000e8   Code   RO          943    i.PS_ReadSysPara    as608.o
    0x08006d10   0x08006d10   0x00000030   Code   RO          947    i.PS_StaGPIO_Init   as608.o
    0x08006d40   0x08006d40   0x00000078   Code   RO          949    i.PS_ValidTempleteNum  as608.o
    0x08006db8   0x08006db8   0x0000001a   Code   RO          725    i.PcdAntennaOn      rc52.o
    0x08006dd2   0x08006dd2   0x0000006a   Code   RO          726    i.PcdAnticoll       rc52.o
    0x08006e3c   0x08006e3c   0x00000118   Code   RO          728    i.PcdComMF522       rc52.o
    0x08006f54   0x08006f54   0x00000050   Code   RO          731    i.PcdRequest        rc52.o
    0x08006fa4   0x08006fa4   0x00000080   Code   RO          732    i.PcdReset          rc52.o
    0x08007024   0x08007024   0x00000064   Code   RO          733    i.PcdSelect         rc52.o
    0x08007088   0x08007088   0x0000002c   Code   RO          735    i.RC522_Init        rc52.o
    0x080070b4   0x080070b4   0x00000018   Code   RO         1429    i.RCC_AHB1PeriphClockCmd  stm32f4xx_rcc.o
    0x080070cc   0x080070cc   0x00000018   Code   RO         1435    i.RCC_AHB3PeriphClockCmd  stm32f4xx_rcc.o
    0x080070e4   0x080070e4   0x00000018   Code   RO         1438    i.RCC_APB1PeriphClockCmd  stm32f4xx_rcc.o
    0x080070fc   0x080070fc   0x00000018   Code   RO         1440    i.RCC_APB1PeriphResetCmd  stm32f4xx_rcc.o
    0x08007114   0x08007114   0x00000018   Code   RO         1441    i.RCC_APB2PeriphClockCmd  stm32f4xx_rcc.o
    0x0800712c   0x0800712c   0x00000018   Code   RO         1443    i.RCC_APB2PeriphResetCmd  stm32f4xx_rcc.o
    0x08007144   0x08007144   0x00000090   Code   RO         1450    i.RCC_GetClocksFreq  stm32f4xx_rcc.o
    0x080071d4   0x080071d4   0x00000160   Code   RO            6    i.RFID_task         main.o
    0x08007334   0x08007334   0x00000034   Code   RO          736    i.ReadRawRC         rc52.o
    0x08007368   0x08007368   0x00000098   Code   RO            7    i.SG90_task         main.o
    0x08007400   0x08007400   0x0000004c   Code   RO          737    i.SPI1_Init         rc52.o
    0x0800744c   0x0800744c   0x0000004c   Code   RO          738    i.SPI_RC522_ReadByte  rc52.o
    0x08007498   0x08007498   0x00000050   Code   RO          739    i.SPI_RC522_SendByte  rc52.o
    0x080074e8   0x080074e8   0x00000030   Code   RO          952    i.SendAddr          as608.o
    0x08007518   0x08007518   0x00000014   Code   RO          953    i.SendCheck         as608.o
    0x0800752c   0x0800752c   0x00000012   Code   RO          954    i.SendHead          as608.o
    0x0800753e   0x0800753e   0x00000016   Code   RO          955    i.SendLength        as608.o
    0x08007554   0x08007554   0x00000018   Code   RO          740    i.SetBitMask        rc52.o
    0x0800756c   0x0800756c   0x000000b4   Code   RO          353    i.SetSysClock       system_stm32f4xx.o
    0x08007620   0x08007620   0x00000092   Code   RO         4219    i.Show_Str          text.o
    0x080076b2   0x080076b2   0x00000002   PAD
    0x080076b4   0x080076b4   0x00000058   Code   RO         4220    i.Show_Str_Mid      text.o
    0x0800770c   0x0800770c   0x00000018   Code   RO         1291    i.SysTick_CLKSourceConfig  misc.o
    0x08007724   0x08007724   0x00000014   Code   RO         1153    i.SysTick_Handler   delay.o
    0x08007738   0x08007738   0x0000005c   Code   RO          355    i.SystemInit        system_stm32f4xx.o
    0x08007794   0x08007794   0x000000a0   Code   RO          694    i.TIM14_PWM_Init    pwm.o
    0x08007834   0x08007834   0x00000038   Code   RO         4277    i.TIM5_IRQHandler   timer7.o
    0x0800786c   0x0800786c   0x00000054   Code   RO         4278    i.TIM5_Int_Init     timer7.o
    0x080078c0   0x080078c0   0x00000038   Code   RO         1106    i.TIM7_IRQHandler   timer.o
    0x080078f8   0x080078f8   0x00000054   Code   RO         1107    i.TIM7_Int_Init     timer.o
    0x0800794c   0x0800794c   0x00000014   Code   RO         2009    i.TIM_ARRPreloadConfig  stm32f4xx_tim.o
    0x08007960   0x08007960   0x00000006   Code   RO         2016    i.TIM_ClearITPendingBit  stm32f4xx_tim.o
    0x08007966   0x08007966   0x00000014   Code   RO         2021    i.TIM_Cmd           stm32f4xx_tim.o
    0x0800797a   0x0800797a   0x00000018   Code   RO         2042    i.TIM_GetITStatus   stm32f4xx_tim.o
    0x08007992   0x08007992   0x00000010   Code   RO         2046    i.TIM_ITConfig      stm32f4xx_tim.o
    0x080079a2   0x080079a2   0x00000002   PAD
    0x080079a4   0x080079a4   0x00000060   Code   RO         2050    i.TIM_OC1Init       stm32f4xx_tim.o
    0x08007a04   0x08007a04   0x0000000c   Code   RO         2053    i.TIM_OC1PreloadConfig  stm32f4xx_tim.o
    0x08007a10   0x08007a10   0x00000004   Code   RO         2083    i.TIM_SetCompare1   stm32f4xx_tim.o
    0x08007a14   0x08007a14   0x00000004   Code   RO         2087    i.TIM_SetCounter    stm32f4xx_tim.o
    0x08007a18   0x08007a18   0x0000007c   Code   RO         2093    i.TIM_TimeBaseInit  stm32f4xx_tim.o
    0x08007a94   0x08007a94   0x00000178   Code   RO         3985    i.TP_Adj_Info_Show  touch.o
    0x08007c0c   0x08007c0c   0x00000568   Code   RO         3986    i.TP_Adjust         touch.o
    0x08008174   0x08008174   0x00000070   Code   RO         3988    i.TP_Drow_Touch_Point  touch.o
    0x080081e4   0x080081e4   0x0000008c   Code   RO         3989    i.TP_Get_Adjdata    touch.o
    0x08008270   0x08008270   0x00000108   Code   RO         3990    i.TP_Init           touch.o
    0x08008378   0x08008378   0x0000008c   Code   RO         3991    i.TP_Read_AD        touch.o
    0x08008404   0x08008404   0x00000060   Code   RO         3992    i.TP_Read_XOY       touch.o
    0x08008464   0x08008464   0x00000028   Code   RO         3993    i.TP_Read_XY        touch.o
    0x0800848c   0x0800848c   0x0000007c   Code   RO         3994    i.TP_Read_XY2       touch.o
    0x08008508   0x08008508   0x00000078   Code   RO         3995    i.TP_Save_Adjdata   touch.o
    0x08008580   0x08008580   0x000000c0   Code   RO         3996    i.TP_Scan           touch.o
    0x08008640   0x08008640   0x00000048   Code   RO         3997    i.TP_Write_Byte     touch.o
    0x08008688   0x08008688   0x00000064   Code   RO         1227    i.USART1_IRQHandler  usart.o
    0x080086ec   0x080086ec   0x00000060   Code   RO          879    i.USART2_IRQHandler  usart2.o
    0x0800874c   0x0800874c   0x00000078   Code   RO         4304    i.USART3_IRQHandler  usart3.o
    0x080087c4   0x080087c4   0x00000014   Code   RO         1823    i.USART_Cmd         stm32f4xx_usart.o
    0x080087d8   0x080087d8   0x000000ac   Code   RO         1825    i.USART_DeInit      stm32f4xx_usart.o
    0x08008884   0x08008884   0x0000000e   Code   RO         1826    i.USART_GetFlagStatus  stm32f4xx_usart.o
    0x08008892   0x08008892   0x0000003e   Code   RO         1827    i.USART_GetITStatus  stm32f4xx_usart.o
    0x080088d0   0x080088d0   0x00000030   Code   RO         1829    i.USART_ITConfig    stm32f4xx_usart.o
    0x08008900   0x08008900   0x000000ac   Code   RO         1830    i.USART_Init        stm32f4xx_usart.o
    0x080089ac   0x080089ac   0x00000008   Code   RO         1837    i.USART_ReceiveData  stm32f4xx_usart.o
    0x080089b4   0x080089b4   0x00000008   Code   RO         1840    i.USART_SendData    stm32f4xx_usart.o
    0x080089bc   0x080089bc   0x00000002   Code   RO          279    i.UsageFault_Handler  stm32f4xx_it.o
    0x080089be   0x080089be   0x00000002   PAD
    0x080089c0   0x080089c0   0x00000030   Code   RO          742    i.WriteRawRC        rc52.o
    0x080089f0   0x080089f0   0x00000030   Code   RO         4622    i.__ARM_fpclassify  m_wm.l(fpclassify.o)
    0x08008a20   0x08008a20   0x0000007a   Code   RO         4457    i.__hardfp_sqrt     m_wm.l(sqrt.o)
    0x08008a9a   0x08008a9a   0x0000000e   Code   RO         4399    i._is_digit         c_w.l(__printf_wp.o)
    0x08008aa8   0x08008aa8   0x00000002   Code   RO         1228    i._sys_exit         usart.o
    0x08008aaa   0x08008aaa   0x00000002   PAD
    0x08008aac   0x08008aac   0x00000038   Code   RO         1154    i.delay_init        delay.o
    0x08008ae4   0x08008ae4   0x00000038   Code   RO         1155    i.delay_ms          delay.o
    0x08008b1c   0x08008b1c   0x00000034   Code   RO         1156    i.delay_us          delay.o
    0x08008b50   0x08008b50   0x0000001a   Code   RO         1157    i.delay_xms         delay.o
    0x08008b6a   0x08008b6a   0x00000002   PAD
    0x08008b6c   0x08008b6c   0x00000024   Code   RO         4245    i.esp8266_check_cmd  esp8266.o
    0x08008b90   0x08008b90   0x0000006c   Code   RO         4246    i.esp8266_send_cmd  esp8266.o
    0x08008bfc   0x08008bfc   0x000000e4   Code   RO         4247    i.esp8266_start_trans  esp8266.o
    0x08008ce0   0x08008ce0   0x00000014   Code   RO         1229    i.fputc             usart.o
    0x08008cf4   0x08008cf4   0x00000180   Code   RO            8    i.main              main.o
    0x08008e74   0x08008e74   0x00000080   Code   RO          956    i.press_FR          as608.o
    0x08008ef4   0x08008ef4   0x00000070   Code   RO         3150    i.prvAddCurrentTaskToDelayedList  tasks.o
    0x08008f64   0x08008f64   0x000000d0   Code   RO         3151    i.prvAddNewTaskToReadyList  tasks.o
    0x08009034   0x08009034   0x00000050   Code   RO         3503    i.prvCheckForValidListAndQueue  timers.o
    0x08009084   0x08009084   0x00000054   Code   RO         3152    i.prvCheckTasksWaitingTermination  tasks.o
    0x080090d8   0x080090d8   0x00000026   Code   RO         2921    i.prvCopyDataFromQueue  queue.o
    0x080090fe   0x080090fe   0x0000006c   Code   RO         2922    i.prvCopyDataToQueue  queue.o
    0x0800916a   0x0800916a   0x00000014   Code   RO         3153    i.prvDeleteTCB      tasks.o
    0x0800917e   0x0800917e   0x00000002   PAD
    0x08009180   0x08009180   0x0000004c   Code   RO         3716    i.prvHeapInit       heap_4.o
    0x080091cc   0x080091cc   0x00000028   Code   RO         3154    i.prvIdleTask       tasks.o
    0x080091f4   0x080091f4   0x000000c0   Code   RO         3155    i.prvInitialiseNewTask  tasks.o
    0x080092b4   0x080092b4   0x0000004c   Code   RO         3717    i.prvInsertBlockIntoFreeList  heap_4.o
    0x08009300   0x08009300   0x00000038   Code   RO         3504    i.prvInsertTimerInActiveList  timers.o
    0x08009338   0x08009338   0x0000001a   Code   RO         2923    i.prvIsQueueEmpty   queue.o
    0x08009352   0x08009352   0x00000002   PAD
    0x08009354   0x08009354   0x00000090   Code   RO         2924    i.prvNotifyQueueSetContainer  queue.o
    0x080093e4   0x080093e4   0x00000060   Code   RO         3505    i.prvProcessExpiredTimer  timers.o
    0x08009444   0x08009444   0x000000f0   Code   RO         3506    i.prvProcessReceivedCommands  timers.o
    0x08009534   0x08009534   0x0000006c   Code   RO         3507    i.prvProcessTimerOrBlockTask  timers.o
    0x080095a0   0x080095a0   0x00000020   Code   RO         3157    i.prvResetNextTaskUnblockTime  tasks.o
    0x080095c0   0x080095c0   0x00000028   Code   RO         3508    i.prvSampleTimeNow  timers.o
    0x080095e8   0x080095e8   0x0000006c   Code   RO         3509    i.prvSwitchTimerLists  timers.o
    0x08009654   0x08009654   0x00000064   Code   RO         3632    i.prvTaskExitError  port.o
    0x080096b8   0x080096b8   0x00000014   Code   RO         2764    i.prvTestWaitCondition  event_groups.o
    0x080096cc   0x080096cc   0x00000028   Code   RO         3510    i.prvTimerTask      timers.o
    0x080096f4   0x080096f4   0x00000078   Code   RO         2925    i.prvUnlockQueue    queue.o
    0x0800976c   0x0800976c   0x00000114   Code   RO         3718    i.pvPortMalloc      heap_4.o
    0x08009880   0x08009880   0x00000018   Code   RO         3159    i.pvTaskIncrementMutexHeldCount  tasks.o
    0x08009898   0x08009898   0x0000002c   Code   RO         3633    i.pxPortInitialiseStack  port.o
    0x080098c4   0x080098c4   0x0000005c   Code   RO          695    i.set_Angle         pwm.o
    0x08009920   0x08009920   0x0000008c   Code   RO          743    i.shibieka          rc52.o
    0x080099ac   0x080099ac   0x000001d4   Code   RO            9    i.start_task        main.o
    0x08009b80   0x08009b80   0x0000004c   Code   RO         4305    i.u3_printf         usart3.o
    0x08009bcc   0x08009bcc   0x000000ac   Code   RO         1230    i.uart_init         usart.o
    0x08009c78   0x08009c78   0x000000d8   Code   RO          881    i.usart2_init       usart2.o
    0x08009d50   0x08009d50   0x000000d8   Code   RO         4306    i.usart3_init       usart3.o
    0x08009e28   0x08009e28   0x00000024   Code   RO         2876    i.uxListRemove      list.o
    0x08009e4c   0x08009e4c   0x00000018   Code   RO         3166    i.uxTaskResetEventItemValue  tasks.o
    0x08009e64   0x08009e64   0x00000016   Code   RO         2877    i.vListInitialise   list.o
    0x08009e7a   0x08009e7a   0x00000006   Code   RO         2878    i.vListInitialiseItem  list.o
    0x08009e80   0x08009e80   0x00000030   Code   RO         2879    i.vListInsert       list.o
    0x08009eb0   0x08009eb0   0x00000018   Code   RO         2880    i.vListInsertEnd    list.o
    0x08009ec8   0x08009ec8   0x00000078   Code   RO         3635    i.vPortEnterCritical  port.o
    0x08009f40   0x08009f40   0x00000064   Code   RO         3636    i.vPortExitCritical  port.o
    0x08009fa4   0x08009fa4   0x0000009c   Code   RO         3719    i.vPortFree         heap_4.o
    0x0800a040   0x0800a040   0x00000020   Code   RO         3637    i.vPortSetupTimerInterrupt  port.o
    0x0800a060   0x0800a060   0x0000008c   Code   RO         3638    i.vPortValidateInterruptPriority  port.o
    0x0800a0ec   0x0800a0ec   0x00000024   Code   RO         2931    i.vQueueAddToRegistry  queue.o
    0x0800a110   0x0800a110   0x00000044   Code   RO         2935    i.vQueueWaitForMessageRestricted  queue.o
    0x0800a154   0x0800a154   0x0000006c   Code   RO         3167    i.vTaskDelay        tasks.o
    0x0800a1c0   0x0800a1c0   0x000000cc   Code   RO         3169    i.vTaskDelete       tasks.o
    0x0800a28c   0x0800a28c   0x0000000c   Code   RO         3173    i.vTaskMissedYield  tasks.o
    0x0800a298   0x0800a298   0x00000054   Code   RO         3175    i.vTaskPlaceOnEventList  tasks.o
    0x0800a2ec   0x0800a2ec   0x0000005c   Code   RO         3176    i.vTaskPlaceOnEventListRestricted  tasks.o
    0x0800a348   0x0800a348   0x00000070   Code   RO         3177    i.vTaskPlaceOnUnorderedEventList  tasks.o
    0x0800a3b8   0x0800a3b8   0x00000084   Code   RO         3178    i.vTaskPriorityInherit  tasks.o
    0x0800a43c   0x0800a43c   0x00000048   Code   RO         3182    i.vTaskSetTimeOutState  tasks.o
    0x0800a484   0x0800a484   0x00000094   Code   RO         3183    i.vTaskStartScheduler  tasks.o
    0x0800a518   0x0800a518   0x000000d0   Code   RO         3184    i.vTaskSuspend      tasks.o
    0x0800a5e8   0x0800a5e8   0x00000010   Code   RO         3185    i.vTaskSuspendAll   tasks.o
    0x0800a5f8   0x0800a5f8   0x0000007c   Code   RO         3186    i.vTaskSwitchContext  tasks.o
    0x0800a674   0x0800a674   0x0000001a   Code   RO         2771    i.xEventGroupCreate  event_groups.o
    0x0800a68e   0x0800a68e   0x00000002   PAD
    0x0800a690   0x0800a690   0x000000b0   Code   RO         2773    i.xEventGroupSetBits  event_groups.o
    0x0800a740   0x0800a740   0x00000120   Code   RO         2776    i.xEventGroupWaitBits  event_groups.o
    0x0800a860   0x0800a860   0x00000114   Code   RO         3639    i.xPortStartScheduler  port.o
    0x0800a974   0x0800a974   0x0000002c   Code   RO         3640    i.xPortSysTickHandler  port.o
    0x0800a9a0   0x0800a9a0   0x00000078   Code   RO         2940    i.xQueueGenericCreate  queue.o
    0x0800aa18   0x0800aa18   0x00000184   Code   RO         2941    i.xQueueGenericReceive  queue.o
    0x0800ab9c   0x0800ab9c   0x000000a8   Code   RO         2942    i.xQueueGenericReset  queue.o
    0x0800ac44   0x0800ac44   0x00000188   Code   RO         2943    i.xQueueGenericSend  queue.o
    0x0800adcc   0x0800adcc   0x000000e0   Code   RO         2944    i.xQueueGenericSendFromISR  queue.o
    0x0800aeac   0x0800aeac   0x00000088   Code   RO         3187    i.xTaskCheckForTimeOut  tasks.o
    0x0800af34   0x0800af34   0x00000056   Code   RO         3188    i.xTaskCreate       tasks.o
    0x0800af8a   0x0800af8a   0x00000002   PAD
    0x0800af8c   0x0800af8c   0x0000001c   Code   RO         3192    i.xTaskGetSchedulerState  tasks.o
    0x0800afa8   0x0800afa8   0x0000000c   Code   RO         3193    i.xTaskGetTickCount  tasks.o
    0x0800afb4   0x0800afb4   0x000000e8   Code   RO         3195    i.xTaskIncrementTick  tasks.o
    0x0800b09c   0x0800b09c   0x000000b4   Code   RO         3198    i.xTaskPriorityDisinherit  tasks.o
    0x0800b150   0x0800b150   0x00000098   Code   RO         3199    i.xTaskRemoveFromEventList  tasks.o
    0x0800b1e8   0x0800b1e8   0x00000098   Code   RO         3200    i.xTaskRemoveFromUnorderedEventList  tasks.o
    0x0800b280   0x0800b280   0x000000e4   Code   RO         3201    i.xTaskResumeAll    tasks.o
    0x0800b364   0x0800b364   0x00000074   Code   RO         3513    i.xTimerCreate      timers.o
    0x0800b3d8   0x0800b3d8   0x00000074   Code   RO         3514    i.xTimerCreateTimerTask  timers.o
    0x0800b44c   0x0800b44c   0x00000090   Code   RO         3515    i.xTimerGenericCommand  timers.o
    0x0800b4dc   0x0800b4dc   0x0000002c   Code   RO         4610    locale$$code        c_w.l(lc_numeric_c.o)
    0x0800b508   0x0800b508   0x0000002c   Code   RO         4627    locale$$code        c_w.l(lc_ctype_c.o)
    0x0800b534   0x0800b534   0x00000150   Code   RO         4433    x$fpl$dadd          fz_wm.l(daddsub_clz.o)
    0x0800b684   0x0800b684   0x00000018   Code   RO         4523    x$fpl$dcmpinf       fz_wm.l(dcmpi.o)
    0x0800b69c   0x0800b69c   0x0000005a   Code   RO         4439    x$fpl$dfixu         fz_wm.l(dfixu.o)
    0x0800b6f6   0x0800b6f6   0x00000026   Code   RO         4443    x$fpl$dfltu         fz_wm.l(dflt_clz.o)
    0x0800b71c   0x0800b71c   0x00000078   Code   RO         4449    x$fpl$dleqf         fz_wm.l(dleqf.o)
    0x0800b794   0x0800b794   0x00000154   Code   RO         4451    x$fpl$dmul          fz_wm.l(dmul.o)
    0x0800b8e8   0x0800b8e8   0x0000009c   Code   RO         4525    x$fpl$dnaninf       fz_wm.l(dnaninf.o)
    0x0800b984   0x0800b984   0x0000000c   Code   RO         4527    x$fpl$dretinf       fz_wm.l(dretinf.o)
    0x0800b990   0x0800b990   0x0000006c   Code   RO         4453    x$fpl$drleqf        fz_wm.l(drleqf.o)
    0x0800b9fc   0x0800b9fc   0x00000016   Code   RO         4434    x$fpl$drsb          fz_wm.l(daddsub_clz.o)
    0x0800ba12   0x0800ba12   0x00000002   PAD
    0x0800ba14   0x0800ba14   0x00000198   Code   RO         4529    x$fpl$dsqrt         fz_wm.l(dsqrt_umaal.o)
    0x0800bbac   0x0800bbac   0x000001d4   Code   RO         4435    x$fpl$dsub          fz_wm.l(daddsub_clz.o)
    0x0800bd80   0x0800bd80   0x00000056   Code   RO         4455    x$fpl$f2d           fz_wm.l(f2d.o)
    0x0800bdd6   0x0800bdd6   0x0000008c   Code   RO         4531    x$fpl$fnaninf       fz_wm.l(fnaninf.o)
    0x0800be62   0x0800be62   0x0000000a   Code   RO         4683    x$fpl$fpinit        fz_wm.l(fpinit.o)
    0x0800be6c   0x0800be6c   0x00000004   Code   RO         4533    x$fpl$printf1       fz_wm.l(printf1.o)
    0x0800be70   0x0800be70   0x00000000   Code   RO         4535    x$fpl$usenofp       fz_wm.l(usenofp.o)
    0x0800be70   0x0800be70   0x000019e0   Data   RO          448    .constdata          lcd.o
    0x0800d850   0x0800d850   0x0000000a   Data   RO         3848    .constdata          ft5206.o
    0x0800d85a   0x0800d85a   0x000000c2   Data   RO         3891    .constdata          gt9147.o
    0x0800d91c   0x0800d91c   0x0000000a   Data   RO         3942    .constdata          ott2001a.o
    0x0800d926   0x0800d926   0x00000002   PAD
    0x0800d928   0x0800d928   0x00000004   Data   RO         3998    .constdata          touch.o
    0x0800d92c   0x0800d92c   0x00000028   Data   RO         4387    .constdata          c_w.l(_printf_hex_int_ll_ptr.o)
    0x0800d954   0x0800d954   0x00000011   Data   RO         4407    .constdata          c_w.l(__printf_flags_ss_wp.o)
    0x0800d965   0x0800d965   0x00000003   PAD
    0x0800d968   0x0800d968   0x00000008   Data   RO         4491    .constdata          c_w.l(_printf_wctomb.o)
    0x0800d970   0x0800d970   0x00000094   Data   RO         4585    .constdata          c_w.l(bigflt0.o)
    0x0800da04   0x0800da04   0x00000046   Data   RO           10    .conststring        main.o
    0x0800da4a   0x0800da4a   0x00000002   PAD
    0x0800da4c   0x0800da4c   0x00000079   Data   RO         3999    .conststring        touch.o
    0x0800dac5   0x0800dac5   0x00000003   PAD
    0x0800dac8   0x0800dac8   0x00000020   Data   RO         4747    Region$$Table       anon$$obj.o
    0x0800dae8   0x0800dae8   0x0000001c   Data   RO         4609    locale$$data        c_w.l(lc_numeric_c.o)
    0x0800db04   0x0800db04   0x00000110   Data   RO         4626    locale$$data        c_w.l(lc_ctype_c.o)


    Execution Region RW_IRAM1 (Exec base: 0x20000000, Load base: 0x0800dc14, Size: 0x0000a238, Max: 0x00020000, ABSOLUTE, COMPRESSED[0x0000006c])

    Exec Addr    Load Addr    Size         Type   Attr      Idx    E Section Name        Object

    0x20000000   COMPRESSED   0x0000005c   Data   RW           11    .data               main.o
    0x2000005c   COMPRESSED   0x00000014   Data   RW          356    .data               system_stm32f4xx.o
    0x20000070   COMPRESSED   0x0000000c   Data   RW          449    .data               lcd.o
    0x2000007c   COMPRESSED   0x00000001   Data   RW          669    .data               key.o
    0x2000007d   COMPRESSED   0x0000000b   Data   RW          744    .data               rc52.o
    0x20000088   COMPRESSED   0x00000002   Data   RW          883    .data               usart2.o
    0x2000008a   COMPRESSED   0x00000002   PAD
    0x2000008c   COMPRESSED   0x00000008   Data   RW          958    .data               as608.o
    0x20000094   COMPRESSED   0x00000004   Data   RW         1158    .data               delay.o
    0x20000098   COMPRESSED   0x00000002   Data   RW         1232    .data               usart.o
    0x2000009a   COMPRESSED   0x00000002   PAD
    0x2000009c   COMPRESSED   0x00000004   Data   RW         1233    .data               usart.o
    0x200000a0   COMPRESSED   0x00000010   Data   RW         1482    .data               stm32f4xx_rcc.o
    0x200000b0   COMPRESSED   0x0000003c   Data   RW         3204    .data               tasks.o
    0x200000ec   COMPRESSED   0x00000014   Data   RW         3523    .data               timers.o
    0x20000100   COMPRESSED   0x0000000c   Data   RW         3641    .data               port.o
    0x2000010c   COMPRESSED   0x00000018   Data   RW         3724    .data               heap_4.o
    0x20000124   COMPRESSED   0x00000001   Data   RW         3849    .data               ft5206.o
    0x20000125   COMPRESSED   0x00000001   Data   RW         3892    .data               gt9147.o
    0x20000126   COMPRESSED   0x00000001   Data   RW         3943    .data               ott2001a.o
    0x20000127   COMPRESSED   0x00000001   PAD
    0x20000128   COMPRESSED   0x00000038   Data   RW         4000    .data               touch.o
    0x20000160   COMPRESSED   0x00000002   Data   RW         4308    .data               usart3.o
    0x20000162   COMPRESSED   0x00000002   PAD
    0x20000164        -       0x0000000e   Zero   RW          447    .bss                lcd.o
    0x20000172   COMPRESSED   0x00000006   PAD
    0x20000178        -       0x00000320   Zero   RW          882    .bss                usart2.o
    0x20000498        -       0x0000000c   Zero   RW          957    .bss                as608.o
    0x200004a4        -       0x000000c8   Zero   RW         1231    .bss                usart.o
    0x2000056c        -       0x00000040   Zero   RW         2955    .bss                queue.o
    0x200005ac        -       0x000002e4   Zero   RW         3203    .bss                tasks.o
    0x20000890        -       0x00000028   Zero   RW         3522    .bss                timers.o
    0x200008b8        -       0x00009000   Zero   RW         3723    .bss                heap_4.o
    0x200098b8        -       0x00000320   Zero   RW         4307    .bss                usart3.o
    0x20009bd8        -       0x00000060   Zero   RW         4571    .bss                c_w.l(libspace.o)
    0x20009c38        -       0x00000200   Zero   RW         1279    HEAP                startup_stm32f40_41xxx.o
    0x20009e38        -       0x00000400   Zero   RW         1278    STACK               startup_stm32f40_41xxx.o


==============================================================================

Image component sizes


      Code (inc. data)   RO Data    RW Data    ZI Data      Debug   Object Name

       216          0          0          0          0       3201   24cxx.o
      1868        768          0          8         12      12017   as608.o
        64          4          0          0          0        544   beep.o
       660        100          0          0          0       5413   ctiic.o
       210         14          0          4          0       3109   delay.o
       372        162          0          0          0       2357   esp8266.o
       510         92          0          0          0      12843   event_groups.o
       678         38         10          1          0       3849   ft5206.o
       918         74        194          1          0       4822   gt9147.o
       584        138          0         24      36864       4083   heap_4.o
       272         24          0          1          0       1302   key.o
     13480        210       6624         12         14      30666   lcd.o
        64          6          0          0          0        535   led.o
       136          0          0          0          0       3154   list.o
      2208        722         70         92          0     308468   main.o
       144         14          0          0          0       2081   misc.o
       612         72          0          0          0       4586   myiic.o
       740         60         10          1          0       4467   ott2001a.o
      1038        382          0         12          0      10749   port.o
       252         32          0          0          0       1345   pwm.o
      1832        236          0          0         64      15745   queue.o
      1472         56          0         11          0      12586   rc52.o
        64         26        392          0       1536        832   startup_stm32f40_41xxx.o
       232          6          0          0          0       1869   stm32f4xx_fsmc.o
       174          0          0          0          0       3491   stm32f4xx_gpio.o
        12          0          0          0          0       2657   stm32f4xx_it.o
       288         48          0         16          0       6466   stm32f4xx_rcc.o
       326         36          0          0          0       7816   stm32f4xx_tim.o
       504         42          0          0          0       6348   stm32f4xx_usart.o
       272         36          0         20          0       1737   system_stm32f4xx.o
      3254        812          0         60        740      32431   tasks.o
       234          6          0          0          0       2150   text.o
       140         12          0          0          0       1230   timer.o
       140         12          0          0          0       1234   timer7.o
      1144        260          0         20         40       9902   timers.o
      3060        242        125         56          0      11181   touch.o
       294         28          0          6        200       4284   usart.o
       312         34          0          2        800       2710   usart2.o
       412         46          0          2        800       2822   usart3.o

    ----------------------------------------------------------------------
     39228       4850       7464        356      41076     547082   Object Totals
         0          0         32          0          0          0   (incl. Generated)
        36          0          7          7          6          0   (incl. Padding)

    ----------------------------------------------------------------------

      Code (inc. data)   RO Data    RW Data    ZI Data      Debug   Library Member Name

        24          4          0          0          0         84   __2printf.o
        90          0          0          0          0          0   __dczerorl2.o
         8          0          0          0          0         68   __main.o
       392          4         17          0          0         92   __printf_flags_ss_wp.o
        14          0          0          0          0         68   __printf_wp.o
         0          0          0          0          0          0   __rtentry.o
        12          0          0          0          0          0   __rtentry2.o
         6          0          0          0          0          0   __rtentry4.o
        52          8          0          0          0          0   __scatter.o
        28          0          0          0          0          0   __scatter_zi.o
         6          0          0          0          0          0   _printf_a.o
         6          0          0          0          0          0   _printf_c.o
        44          0          0          0          0        108   _printf_char.o
        48          6          0          0          0         96   _printf_char_common.o
        36          4          0          0          0         80   _printf_char_file.o
        40          0          0          0          0         68   _printf_charcount.o
         6          0          0          0          0          0   _printf_d.o
       120         16          0          0          0         92   _printf_dec.o
         6          0          0          0          0          0   _printf_e.o
         6          0          0          0          0          0   _printf_f.o
      1054          0          0          0          0        216   _printf_fp_dec.o
       128         16          0          0          0         84   _printf_fp_infnan.o
         6          0          0          0          0          0   _printf_g.o
       148          4         40          0          0        160   _printf_hex_int_ll_ptr.o
         6          0          0          0          0          0   _printf_i.o
       178          0          0          0          0         88   _printf_intcommon.o
        10          0          0          0          0          0   _printf_l.o
         6          0          0          0          0          0   _printf_lc.o
        10          0          0          0          0          0   _printf_ll.o
         6          0          0          0          0          0   _printf_lld.o
         6          0          0          0          0          0   _printf_lli.o
         6          0          0          0          0          0   _printf_llo.o
         6          0          0          0          0          0   _printf_llu.o
         6          0          0          0          0          0   _printf_llx.o
       124         16          0          0          0         92   _printf_longlong_dec.o
         6          0          0          0          0          0   _printf_ls.o
         6          0          0          0          0          0   _printf_n.o
         6          0          0          0          0          0   _printf_o.o
       112         10          0          0          0        124   _printf_oct_int_ll.o
         6          0          0          0          0          0   _printf_p.o
        78          0          0          0          0        108   _printf_pad.o
         0          0          0          0          0          0   _printf_percent.o
         4          0          0          0          0          0   _printf_percent_end.o
         6          0          0          0          0          0   _printf_s.o
        82          0          0          0          0         80   _printf_str.o
        36          0          0          0          0         84   _printf_truncate.o
         6          0          0          0          0          0   _printf_u.o
        44          0          0          0          0        108   _printf_wchar.o
       188          6          8          0          0         92   _printf_wctomb.o
         6          0          0          0          0          0   _printf_x.o
        22          0          0          0          0        100   _rserrno.o
        10          0          0          0          0         68   _sputc.o
        64          0          0          0          0         92   _wcrtomb.o
        16          0          0          0          0         68   aeabi_memset.o
       228          4        148          0          0         96   bigflt0.o
      1936        128          0          0          0        672   btod.o
        36          4          0          0          0         76   c89vsprintf.o
        18          0          0          0          0         80   exit.o
         8          0          0          0          0         68   ferror.o
         6          0          0          0          0        152   heapauxi.o
        44         10        272          0          0         76   lc_ctype_c.o
        44         10         28          0          0         76   lc_numeric_c.o
         2          0          0          0          0          0   libinit.o
        34          0          0          0          0          0   libinit2.o
         2          0          0          0          0          0   libshutdown.o
         2          0          0          0          0          0   libshutdown2.o
         8          4          0          0         96         68   libspace.o
       138          0          0          0          0         80   lludiv10.o
        16          4          0          0          0         76   rt_ctype_table.o
         8          4          0          0          0         68   rt_errno_addr_intlibspace.o
         8          4          0          0          0         68   rt_locale_intlibspace.o
        68          0          0          0          0         68   rt_memclr.o
        78          0          0          0          0         80   rt_memclr_w.o
       138          0          0          0          0         68   rt_memcpy_v6.o
       100          0          0          0          0         80   rt_memcpy_w.o
         2          0          0          0          0          0   rtexit.o
        10          0          0          0          0          0   rtexit2.o
       128          0          0          0          0         68   strcmpv7m.o
        62          0          0          0          0         76   strlen.o
        36          0          0          0          0         80   strstr.o
        74          0          0          0          0         80   sys_stackheap_outer.o
         2          0          0          0          0         68   use_no_semi.o
         2          0          0          0          0         68   use_no_semi_2.o
       826         16          0          0          0        492   daddsub_clz.o
        24          0          0          0          0        116   dcmpi.o
        90          4          0          0          0        140   dfixu.o
        38          0          0          0          0        116   dflt_clz.o
       120          4          0          0          0        140   dleqf.o
       340         12          0          0          0        152   dmul.o
       156          4          0          0          0        140   dnaninf.o
        12          0          0          0          0        116   dretinf.o
       108          0          0          0          0        128   drleqf.o
       408         56          0          0          0        168   dsqrt_umaal.o
        86          4          0          0          0        132   f2d.o
       140          4          0          0          0        132   fnaninf.o
        10          0          0          0          0        116   fpinit.o
         4          0          0          0          0        116   printf1.o
         0          0          0          0          0          0   usenofp.o
        48          0          0          0          0        124   fpclassify.o
       122          0          0          0          0        148   sqrt.o

    ----------------------------------------------------------------------
      9132        370        516          0         96       7188   Library Totals
        20          0          3          0          0          0   (incl. Padding)

    ----------------------------------------------------------------------

      Code (inc. data)   RO Data    RW Data    ZI Data      Debug   Library Name

      6580        266        513          0         96       4712   c_w.l
      2362        104          0          0          0       2204   fz_wm.l
       170          0          0          0          0        272   m_wm.l

    ----------------------------------------------------------------------
      9132        370        516          0         96       7188   Library Totals

    ----------------------------------------------------------------------

==============================================================================


      Code (inc. data)   RO Data    RW Data    ZI Data      Debug   

     48360       5220       7980        356      41172     524718   Grand Totals
     48360       5220       7980        108      41172     524718   ELF Image Totals (compressed)
     48360       5220       7980        108          0          0   ROM Totals

==============================================================================

    Total RO  Size (Code + RO Data)                56340 (  55.02kB)
    Total RW  Size (RW Data + ZI Data)             41528 (  40.55kB)
    Total ROM Size (Code + RO Data + RW Data)      56448 (  55.13kB)

==============================================================================

